Component: ARM Compiler 5.06 update 7 (build 960) Tool: armlink [4d3601]

==============================================================================

Section Cross References

    main.o(i.main) refers to bsp.o(i.BSP_init) for BSP_init
    main.o(i.main) refers to bsp_timer.o(i.TIM6_Init) for TIM6_Init
    main.o(i.main) refers to bsp_timer.o(i.TIM7_Init) for TIM7_Init
    main.o(i.main) refers to stm32f10x_gpio.o(i.GPIO_SetBits) for GPIO_SetBits
    main.o(i.main) refers to app_motor.o(i.Car_Control_Task) for Car_Control_Task
    main.o(i.main) refers to oled.o(i.OLED_ShowString) for OLED_ShowString
    main.o(i.main) refers to oled.o(i.OLED_ShowNum) for OLED_ShowNum
    main.o(i.main) refers to oled.o(i.OLED_ShowSignedNum) for OLED_ShowSignedNum
    main.o(i.main) refers to oled.o(i.OLED_Refresh) for OLED_Refresh
    main.o(i.main) refers to bsp_timer.o(.data) for flag_1ms
    main.o(i.main) refers to app_motor.o(.data) for currentTaskSequence
    main.o(i.main) refers to bsp_key.o(.data) for last_store_time
    main.o(i.main) refers to bsp_key.o(.bss) for key_counts
    main.o(i.main) refers to bsp_encoder.o(.data) for g_Encoder_M1_Now
    system_stm32f10x.o(i.SetSysClock) refers to system_stm32f10x.o(i.SetSysClockTo72) for SetSysClockTo72
    system_stm32f10x.o(i.SystemCoreClockUpdate) refers to system_stm32f10x.o(.data) for SystemCoreClock
    system_stm32f10x.o(i.SystemInit) refers to system_stm32f10x.o(i.SetSysClock) for SetSysClock
    startup_stm32f10x_hd.o(RESET) refers to startup_stm32f10x_hd.o(STACK) for __initial_sp
    startup_stm32f10x_hd.o(RESET) refers to startup_stm32f10x_hd.o(.text) for Reset_Handler
    startup_stm32f10x_hd.o(RESET) refers to stm32f10x_it.o(i.NMI_Handler) for NMI_Handler
    startup_stm32f10x_hd.o(RESET) refers to stm32f10x_it.o(i.HardFault_Handler) for HardFault_Handler
    startup_stm32f10x_hd.o(RESET) refers to stm32f10x_it.o(i.MemManage_Handler) for MemManage_Handler
    startup_stm32f10x_hd.o(RESET) refers to stm32f10x_it.o(i.BusFault_Handler) for BusFault_Handler
    startup_stm32f10x_hd.o(RESET) refers to stm32f10x_it.o(i.UsageFault_Handler) for UsageFault_Handler
    startup_stm32f10x_hd.o(RESET) refers to stm32f10x_it.o(i.SVC_Handler) for SVC_Handler
    startup_stm32f10x_hd.o(RESET) refers to stm32f10x_it.o(i.DebugMon_Handler) for DebugMon_Handler
    startup_stm32f10x_hd.o(RESET) refers to stm32f10x_it.o(i.PendSV_Handler) for PendSV_Handler
    startup_stm32f10x_hd.o(RESET) refers to stm32f10x_it.o(i.SysTick_Handler) for SysTick_Handler
    startup_stm32f10x_hd.o(RESET) refers to bsp_usart.o(i.USART1_IRQHandler) for USART1_IRQHandler
    startup_stm32f10x_hd.o(RESET) refers to bsp_timer.o(i.TIM6_IRQHandler) for TIM6_IRQHandler
    startup_stm32f10x_hd.o(RESET) refers to bsp_timer.o(i.TIM7_IRQHandler) for TIM7_IRQHandler
    startup_stm32f10x_hd.o(.text) refers to system_stm32f10x.o(i.SystemInit) for SystemInit
    startup_stm32f10x_hd.o(.text) refers to entry.o(.ARM.Collect$$$$00000000) for __main
    stm32f10x_adc.o(i.ADC_DeInit) refers to stm32f10x_rcc.o(i.RCC_APB2PeriphResetCmd) for RCC_APB2PeriphResetCmd
    stm32f10x_bkp.o(i.BKP_DeInit) refers to stm32f10x_rcc.o(i.RCC_BackupResetCmd) for RCC_BackupResetCmd
    stm32f10x_can.o(i.CAN_DeInit) refers to stm32f10x_rcc.o(i.RCC_APB1PeriphResetCmd) for RCC_APB1PeriphResetCmd
    stm32f10x_can.o(i.CAN_GetITStatus) refers to stm32f10x_can.o(i.CheckITStatus) for CheckITStatus
    stm32f10x_cec.o(i.CEC_DeInit) refers to stm32f10x_rcc.o(i.RCC_APB1PeriphResetCmd) for RCC_APB1PeriphResetCmd
    stm32f10x_dac.o(i.DAC_DeInit) refers to stm32f10x_rcc.o(i.RCC_APB1PeriphResetCmd) for RCC_APB1PeriphResetCmd
    stm32f10x_flash.o(i.FLASH_EnableWriteProtection) refers to stm32f10x_flash.o(i.FLASH_WaitForLastOperation) for FLASH_WaitForLastOperation
    stm32f10x_flash.o(i.FLASH_EraseAllBank1Pages) refers to stm32f10x_flash.o(i.FLASH_WaitForLastBank1Operation) for FLASH_WaitForLastBank1Operation
    stm32f10x_flash.o(i.FLASH_EraseAllPages) refers to stm32f10x_flash.o(i.FLASH_WaitForLastOperation) for FLASH_WaitForLastOperation
    stm32f10x_flash.o(i.FLASH_EraseOptionBytes) refers to stm32f10x_flash.o(i.FLASH_GetReadOutProtectionStatus) for FLASH_GetReadOutProtectionStatus
    stm32f10x_flash.o(i.FLASH_EraseOptionBytes) refers to stm32f10x_flash.o(i.FLASH_WaitForLastOperation) for FLASH_WaitForLastOperation
    stm32f10x_flash.o(i.FLASH_ErasePage) refers to stm32f10x_flash.o(i.FLASH_WaitForLastOperation) for FLASH_WaitForLastOperation
    stm32f10x_flash.o(i.FLASH_ProgramHalfWord) refers to stm32f10x_flash.o(i.FLASH_WaitForLastOperation) for FLASH_WaitForLastOperation
    stm32f10x_flash.o(i.FLASH_ProgramOptionByteData) refers to stm32f10x_flash.o(i.FLASH_WaitForLastOperation) for FLASH_WaitForLastOperation
    stm32f10x_flash.o(i.FLASH_ProgramWord) refers to stm32f10x_flash.o(i.FLASH_WaitForLastOperation) for FLASH_WaitForLastOperation
[...]
    Removing stm32f10x_tim.o(i.TIM_PWMIConfig), (124 bytes).
    Removing stm32f10x_tim.o(i.TIM_PrescalerConfig), (6 bytes).
    Removing stm32f10x_tim.o(i.TIM_SelectCCDMA), (24 bytes).
    Removing stm32f10x_tim.o(i.TIM_SelectCOM), (24 bytes).
    Removing stm32f10x_tim.o(i.TIM_SelectHallSensor), (24 bytes).
    Removing stm32f10x_tim.o(i.TIM_SelectInputTrigger), (18 bytes).
    Removing stm32f10x_tim.o(i.TIM_SelectMasterSlaveMode), (18 bytes).
    Removing stm32f10x_tim.o(i.TIM_SelectOCxM), (82 bytes).
    Removing stm32f10x_tim.o(i.TIM_SelectOnePulseMode), (18 bytes).
    Removing stm32f10x_tim.o(i.TIM_SelectOutputTrigger), (18 bytes).
    Removing stm32f10x_tim.o(i.TIM_SelectSlaveMode), (18 bytes).
    Removing stm32f10x_tim.o(i.TIM_SetAutoreload), (4 bytes).
    Removing stm32f10x_tim.o(i.TIM_SetClockDivision), (18 bytes).
    Removing stm32f10x_tim.o(i.TIM_TIxExternalClockConfig), (62 bytes).
    Removing stm32f10x_tim.o(i.TIM_UpdateDisableConfig), (24 bytes).
    Removing stm32f10x_tim.o(i.TIM_UpdateRequestConfig), (24 bytes).
    Removing stm32f10x_usart.o(i.USART_ClearFlag), (18 bytes).
    Removing stm32f10x_usart.o(i.USART_ClearITPendingBit), (30 bytes).
    Removing stm32f10x_usart.o(i.USART_ClockInit), (34 bytes).
    Removing stm32f10x_usart.o(i.USART_ClockStructInit), (12 bytes).
    Removing stm32f10x_usart.o(i.USART_Cmd), (24 bytes).
    Removing stm32f10x_usart.o(i.USART_DMACmd), (18 bytes).
    Removing stm32f10x_usart.o(i.USART_DeInit), (156 bytes).
    Removing stm32f10x_usart.o(i.USART_HalfDuplexCmd), (24 bytes).
    Removing stm32f10x_usart.o(i.USART_ITConfig), (74 bytes).
    Removing stm32f10x_usart.o(i.USART_Init), (216 bytes).
    Removing stm32f10x_usart.o(i.USART_IrDACmd), (24 bytes).
    Removing stm32f10x_usart.o(i.USART_IrDAConfig), (18 bytes).
    Removing stm32f10x_usart.o(i.USART_LINBreakDetectLengthConfig), (18 bytes).
    Removing stm32f10x_usart.o(i.USART_LINCmd), (24 bytes).
    Removing stm32f10x_usart.o(i.USART_OneBitMethodCmd), (24 bytes).
    Removing stm32f10x_usart.o(i.USART_OverSampling8Cmd), (22 bytes).
    Removing stm32f10x_usart.o(i.USART_ReceiverWakeUpCmd), (24 bytes).
    Removing stm32f10x_usart.o(i.USART_SendBreak), (10 bytes).
    Removing stm32f10x_usart.o(i.USART_SetAddress), (18 bytes).
    Removing stm32f10x_usart.o(i.USART_SetGuardTime), (16 bytes).
    Removing stm32f10x_usart.o(i.USART_SetPrescaler), (16 bytes).
    Removing stm32f10x_usart.o(i.USART_SmartCardCmd), (24 bytes).
    Removing stm32f10x_usart.o(i.USART_SmartCardNACKCmd), (24 bytes).
    Removing stm32f10x_usart.o(i.USART_StructInit), (24 bytes).
    Removing stm32f10x_usart.o(i.USART_WakeUpConfig), (18 bytes).
    Removing stm32f10x_wwdg.o(i.WWDG_ClearFlag), (12 bytes).
    Removing stm32f10x_wwdg.o(i.WWDG_DeInit), (22 bytes).
    Removing stm32f10x_wwdg.o(i.WWDG_Enable), (16 bytes).
    Removing stm32f10x_wwdg.o(i.WWDG_EnableIT), (12 bytes).
    Removing stm32f10x_wwdg.o(i.WWDG_GetFlagStatus), (12 bytes).
    Removing stm32f10x_wwdg.o(i.WWDG_SetCounter), (16 bytes).
    Removing stm32f10x_wwdg.o(i.WWDG_SetPrescaler), (24 bytes).
    Removing stm32f10x_wwdg.o(i.WWDG_SetWindowValue), (40 bytes).
    Removing lcd.o(i.Draw_Circle), (158 bytes).
    Removing lcd.o(i.LCD_DrawLine), (172 bytes).
    Removing lcd.o(i.LCD_DrawPoint), (28 bytes).
    Removing lcd.o(i.LCD_DrawRectangle), (74 bytes).
    Removing lcd.o(i.LCD_Fill), (74 bytes).
    Removing lcd.o(i.LCD_ShowChar), (344 bytes).
    Removing lcd.o(i.LCD_ShowChinese), (58 bytes).
    Removing lcd.o(i.LCD_ShowChinese16x16), (312 bytes).
    Removing lcd.o(i.LCD_ShowFloatNum1), (164 bytes).
    Removing lcd.o(i.LCD_ShowIntNum), (150 bytes).
    Removing lcd.o(i.LCD_ShowPicture), (102 bytes).
    Removing lcd.o(i.LCD_ShowString), (66 bytes).
    Removing lcd.o(i.mypow), (22 bytes).
    Removing lcd.o(.constdata), (13436 bytes).
    Removing ioi2c.o(i.Delay_For_Pin), (38 bytes).
    Removing ioi2c.o(i.I2C_ReadOneByte), (70 bytes).
    Removing ioi2c.o(i.IIC_Ack), (76 bytes).
    Removing ioi2c.o(i.IIC_Init), (44 bytes).
    Removing ioi2c.o(i.IIC_NAck), (76 bytes).
    Removing ioi2c.o(i.IIC_Read_Byte), (112 bytes).
    Removing ioi2c.o(i.IIC_Send_Byte), (100 bytes).
    Removing ioi2c.o(i.IIC_Start), (104 bytes).
    Removing ioi2c.o(i.IIC_Stop), (80 bytes).
    Removing ioi2c.o(i.IIC_Wait_Ack), (104 bytes).
    Removing ioi2c.o(i.IICreadByte), (22 bytes).
    Removing ioi2c.o(i.IICreadBytes), (100 bytes).
    Removing ioi2c.o(i.IICwriteBit), (64 bytes).
    Removing ioi2c.o(i.IICwriteBits), (106 bytes).
    Removing ioi2c.o(i.IICwriteByte), (20 bytes).
    Removing ioi2c.o(i.IICwriteBytes), (70 bytes).
    Removing ioi2c.o(i.i2cRead), (118 bytes).
    Removing ioi2c.o(i.i2cWrite), (96 bytes).
    Removing ioi2c.o(i.i2c_scanf_addr), (192 bytes).
    Removing ioi2c.o(.bss), (128 bytes).
    Removing lcd_init.o(i.LCD_Address_Set), (70 bytes).
    Removing lcd_init.o(i.LCD_GPIO_Init), (152 bytes).
    Removing lcd_init.o(i.LCD_Init), (612 bytes).
    Removing lcd_init.o(i.LCD_WR_DATA), (18 bytes).
    Removing lcd_init.o(i.LCD_WR_DATA8), (12 bytes).
    Removing lcd_init.o(i.LCD_WR_REG), (36 bytes).
    Removing lcd_init.o(i.LCD_Writ_Bus), (96 bytes).
    Removing delay.o(i.delay_us), (60 bytes).
    Removing bsp_w25q64.o(i.SpiFlashEraseChip), (44 bytes).
    Removing bsp_w25q64.o(i.SpiFlashEraseSector), (72 bytes).
    Removing bsp_w25q64.o(i.SpiFlashInit), (72 bytes).
    Removing bsp_w25q64.o(i.SpiFlashPowerDown), (40 bytes).
    Removing bsp_w25q64.o(i.SpiFlashRead), (80 bytes).
    Removing bsp_w25q64.o(i.SpiFlashReadID), (72 bytes).
    Removing bsp_w25q64.o(i.SpiFlashReadSR), (44 bytes).
    Removing bsp_w25q64.o(i.SpiFlashWAKEUP), (40 bytes).
    Removing bsp_w25q64.o(i.SpiFlashWaitBusy), (18 bytes).
    Removing bsp_w25q64.o(i.SpiFlashWrite), (180 bytes).
    Removing bsp_w25q64.o(i.SpiFlashWriteDisable), (32 bytes).
    Removing bsp_w25q64.o(i.SpiFlashWriteEnable), (32 bytes).
    Removing bsp_w25q64.o(i.SpiFlashWriteNoCheck), (70 bytes).
    Removing bsp_w25q64.o(i.SpiFlashWritePage), (84 bytes).
    Removing bsp_w25q64.o(i.SpiFlashWriteSR), (40 bytes).
    Removing bsp_w25q64.o(.bss), (4096 bytes).
    Removing bsp_w25q64.o(.data), (2 bytes).
    Removing bsp_spi.o(i.SPI1_SetSpeed), (36 bytes).
    Removing bsp_spi.o(i.SPI_FLASH_Init), (204 bytes).
    Removing bsp_spi.o(i.SPI_ReadWriteByte), (84 bytes).
    Removing bsp_rgb.o(i.RGB_control), (204 bytes).
    Removing bsp_rgb.o(i.init_RGB_GPIO), (52 bytes).
    Removing bsp_usart.o(i.USART1_Send_ArrayU8), (28 bytes).
    Removing bsp_usart.o(i.USART1_init), (184 bytes).
    Removing bsp_usart.o(i.fgetc), (32 bytes).
    Removing bsp_usart.o(i.fputc), (36 bytes).
    Removing bsp_adc.o(i.EleDataDeal), (80 bytes).
    Removing bsp_adc.o(i.Get_Adc), (52 bytes).
    Removing bsp_adc.o(i.ele_Init), (140 bytes).
    Removing bsp_adc.o(i.getEleData), (48 bytes).
    Removing bsp_adc.o(i.guiyi_way), (68 bytes).
    Removing bsp_adc.o(.data), (12 bytes).
    Removing bsp_ccd.o(i.CCD), (60 bytes).
    Removing bsp_ccd.o(i.Dly_us), (12 bytes).
    Removing bsp_ccd.o(i.Find_CCD_Zhongzhi), (640 bytes).
    Removing bsp_ccd.o(i.Get_Adc_CCD), (52 bytes).
    Removing bsp_ccd.o(i.RD_TSL), (132 bytes).
    Removing bsp_ccd.o(i.ccd_Init), (168 bytes).
    Removing bsp_ccd.o(i.deal_data_ccd), (12 bytes).
    Removing bsp_ccd.o(.bss), (276 bytes).
    Removing bsp_ccd.o(.data), (14 bytes).
    Removing bsp_encoder.o(i.Encoder_Get_Count_Now), (60 bytes).
    Removing bsp_motor.o(i.Motor_Get_Enable_State), (16 bytes).
    Removing bsp_key.o(i.Key1_Long_Press), (80 bytes).
    Removing bsp_key.o(i.Key1_State), (76 bytes).
    Removing bsp_key.o(i.KeyManager_ResetCounts), (36 bytes).
    Removing bsp_key.o(i.Key_Scan), (38 bytes).
    Removing bsp_key.o(i.key_test), (40 bytes).
    Removing bsp_pid.o(i.PID_Calc_Motor), (68 bytes).
    Removing bsp_pid.o(i.PID_Calc_One_Motor), (36 bytes).
    Removing bsp_pid.o(i.PID_Clear_Motor), (140 bytes).
    Removing bsp_pid.o(i.PID_Get_Target), (6 bytes).
    Removing bsp_pid.o(i.PID_Incre_Calc), (156 bytes).
    Removing bsp_pid.o(i.PID_Location_Calc), (192 bytes).
    Removing bsp_pid.o(i.PID_Set_Motor_Parm), (100 bytes).
    Removing bsp_pid.o(i.PID_Set_Motor_Target), (52 bytes).
    Removing bsp_pid.o(i.PID_Set_Parm), (8 bytes).
    Removing bsp_pid.o(i.PID_Set_Target), (4 bytes).
    Removing bsp_pid.o(i.Pid_Get_Motor), (8 bytes).
    Removing bsp_pid.o(.data), (28 bytes).
    Removing iravoid.o(i.IRAvoid_GPIO_Init), (76 bytes).
    Removing iravoid.o(i.app_IRAvoid), (132 bytes).
    Removing iravoid.o(i.bsp_GetIRavoid), (32 bytes).
    Removing iravoid.o(i.bsp_GetIRavoid_Data), (52 bytes).
    Removing linewalking.o(i.GetLineWalking), (72 bytes).
    Removing linewalking.o(i.LineWalking), (224 bytes).
    Removing linewalking.o(i.LineWalking_GPIO_Init), (156 bytes).
    Removing three_linewalking.o(i.three_GetLineWalking), (52 bytes).
    Removing three_linewalking.o(i.three_LineWalking), (144 bytes).
    Removing three_linewalking.o(i.three_LineWalking_GPIO_Init), (116 bytes).
    Removing oled.o(i.OLED_DisPlay_Off), (28 bytes).
    Removing oled.o(i.OLED_DisPlay_On), (28 bytes).
    Removing oled.o(i.OLED_DrawCircle), (168 bytes).
    Removing oled.o(i.OLED_DrawLine), (172 bytes).
    Removing oled.o(i.OLED_ScrollDisplay), (172 bytes).
    Removing oled.o(i.OLED_ShowChinese), (264 bytes).
    Removing oled.o(i.OLED_ShowFNum), (76 bytes).
    Removing oled.o(i.OLED_ShowPicture), (214 bytes).
    Removing falsh_use.o(i.detcet_flash), (52 bytes).
    Removing falsh_use.o(i.flash_test), (68 bytes).
    Removing falsh_use.o(i.show_flash), (152 bytes).
    Removing falsh_use.o(.data), (17 bytes).
    Removing app_motor.o(i.Motion_Get_APB), (8 bytes).
    Removing app_motor.o(i.Motion_Get_Car_Type), (12 bytes).
    Removing app_motor.o(i.Motion_Get_Circle_MM), (8 bytes).
    Removing app_motor.o(i.Motion_Get_Circle_Pulse), (64 bytes).
    Removing app_motor.o(i.Motion_Get_Data), (44 bytes).
    Removing app_motor.o(i.Motion_Get_Encoder), (212 bytes).
    Removing app_motor.o(i.Motion_Get_Motor_Speed), (28 bytes).
    Removing app_motor.o(i.Motion_Get_Speed), (528 bytes).
    Removing app_motor.o(i.Motion_Handle), (84 bytes).
    Removing app_motor.o(i.Motion_Real_Circle_Speed), (32 bytes).
    Removing app_motor.o(i.Motion_Set_Car_Type), (28 bytes).
    Removing app_motor.o(i.Motion_Set_Speed), (116 bytes).
    Removing app_motor.o(i.Motion_Stop), (84 bytes).
    Removing app_motor.o(i.Update_Motor_PWM), (56 bytes).
    Removing app_mecanum.o(.data), (2 bytes).
    Removing fdiv.o(.text), (124 bytes).
    Removing dmul.o(.text), (228 bytes).
    Removing ddiv.o(.text), (222 bytes).
    Removing dflti.o(.text), (34 bytes).
    Removing ffixui.o(.text), (40 bytes).
    Removing f2d.o(.text), (38 bytes).
    Removing d2f.o(.text), (56 bytes).
    Removing cfcmple.o(.text), (20 bytes).
    Removing cfrcmple.o(.text), (20 bytes).
    Removing depilogue.o(.text), (186 bytes).
    Removing dadd.o(.text), (334 bytes).
    Removing dfixul.o(.text), (48 bytes).
    Removing cdrcmple.o(.text), (48 bytes).

583 unused section(s) (total 58733 bytes) removed from the image.

==============================================================================

Image Symbol Table

    Local Symbols

    Symbol Name                              Value     Ov Type        Size  Object(Section)

    ../clib/../cmprslib/zerorunl2.c          0x00000000   Number         0  __dczerorl2.o ABSOLUTE
    ../clib/microlib/division.c              0x00000000   Number         0  uldiv.o ABSOLUTE
    ../clib/microlib/division.c              0x00000000   Number         0  uidiv.o ABSOLUTE
    ../clib/microlib/init/entry.s            0x00000000   Number         0  entry.o ABSOLUTE
    ../clib/microlib/init/entry.s            0x00000000   Number         0  entry2.o ABSOLUTE
    ../clib/microlib/init/entry.s            0x00000000   Number         0  entry11b.o ABSOLUTE
    ../clib/microlib/init/entry.s            0x00000000   Number         0  entry12a.o ABSOLUTE
    ../clib/microlib/init/entry.s            0x00000000   Number         0  entry10b.o ABSOLUTE
    ../clib/microlib/init/entry.s            0x00000000   Number         0  entry12b.o ABSOLUTE
    ../clib/microlib/init/entry.s            0x00000000   Number         0  entry7a.o ABSOLUTE
    ../clib/microlib/init/entry.s            0x00000000   Number         0  entry10a.o ABSOLUTE
    ../clib/microlib/init/entry.s            0x00000000   Number         0  entry9b.o ABSOLUTE
    ../clib/microlib/init/entry.s            0x00000000   Number         0  entry11a.o ABSOLUTE
    ../clib/microlib/init/entry.s            0x00000000   Number         0  entry9a.o ABSOLUTE
    ../clib/microlib/init/entry.s            0x00000000   Number         0  entry8b.o ABSOLUTE
    ../clib/microlib/init/entry.s            0x00000000   Number         0  entry8a.o ABSOLUTE
    ../clib/microlib/init/entry.s            0x00000000   Number         0  entry7b.o ABSOLUTE
    ../clib/microlib/init/entry.s            0x00000000   Number         0  entry5.o ABSOLUTE
    ../clib/microlib/longlong.c              0x00000000   Number         0  llshl.o ABSOLUTE
    ../clib/microlib/longlong.c              0x00000000   Number         0  llushr.o ABSOLUTE
    ../clib/microlib/longlong.c              0x00000000   Number         0  llsshr.o ABSOLUTE
    ../clib/microlib/printf/printf.c         0x00000000   Number         0  printf1.o ABSOLUTE
    ../clib/microlib/printf/printf.c         0x00000000   Number         0  printf5.o ABSOLUTE
    ../clib/microlib/printf/printf.c         0x00000000   Number         0  printf0.o ABSOLUTE
    ../clib/microlib/printf/printf.c         0x00000000   Number         0  printfb.o ABSOLUTE
    ../clib/microlib/printf/printf.c         0x00000000   Number         0  printf4.o ABSOLUTE
    ../clib/microlib/printf/printf.c         0x00000000   Number         0  printf2.o ABSOLUTE
    ../clib/microlib/printf/printf.c         0x00000000   Number         0  printf3.o ABSOLUTE
    ../clib/microlib/printf/printf.c         0x00000000   Number         0  printfa.o ABSOLUTE
    ../clib/microlib/printf/printf.c         0x00000000   Number         0  printf8.o ABSOLUTE
    ../clib/microlib/printf/printf.c         0x00000000   Number         0  printf7.o ABSOLUTE
    ../clib/microlib/printf/printf.c         0x00000000   Number         0  printf6.o ABSOLUTE
    ../clib/microlib/printf/stubs.s          0x00000000   Number         0  stubs.o ABSOLUTE
    ../clib/microlib/stdio/streams.c         0x00000000   Number         0  stdout.o ABSOLUTE
    ../clib/microlib/string/memcpy.c         0x00000000   Number         0  memcpyb.o ABSOLUTE
    ../clib/microlib/string/memcpy.c         0x00000000   Number         0  memcpya.o ABSOLUTE
    ../clib/microlib/string/memset.c         0x00000000   Number         0  memseta.o ABSOLUTE
    ../clib/microlib/stubs.s                 0x00000000   Number         0  iusefp.o ABSOLUTE
    ../fplib/microlib/d2f.c                  0x00000000   Number         0  d2f.o ABSOLUTE
    ../fplib/microlib/f2d.c                  0x00000000   Number         0  f2d.o ABSOLUTE
    ../fplib/microlib/fpadd.c                0x00000000   Number         0  dadd.o ABSOLUTE
    ../fplib/microlib/fpadd.c                0x00000000   Number         0  fadd.o ABSOLUTE
    ../fplib/microlib/fpcmp4.c               0x00000000   Number         0  fcmp4.o ABSOLUTE
    ../fplib/microlib/fpdiv.c                0x00000000   Number         0  fdiv.o ABSOLUTE
    ../fplib/microlib/fpdiv.c                0x00000000   Number         0  ddiv.o ABSOLUTE
    ../fplib/microlib/fpepilogue.c           0x00000000   Number         0  fepilogue.o ABSOLUTE
    ../fplib/microlib/fpepilogue.c           0x00000000   Number         0  depilogue.o ABSOLUTE
    ../fplib/microlib/fpfix.c                0x00000000   Number         0  dfixul.o ABSOLUTE
    ../fplib/microlib/fpfix.c                0x00000000   Number         0  ffixi.o ABSOLUTE
    ../fplib/microlib/fpfix.c                0x00000000   Number         0  ffixui.o ABSOLUTE
    ../fplib/microlib/fpflt.c                0x00000000   Number         0  fflti.o ABSOLUTE
    ../fplib/microlib/fpflt.c                0x00000000   Number         0  dflti.o ABSOLUTE
    ../fplib/microlib/fpmul.c                0x00000000   Number         0  dmul.o ABSOLUTE
    ../fplib/microlib/fpmul.c                0x00000000   Number         0  fmul.o ABSOLUTE
    ../fplib/microlib/fprnd.c                0x00000000   Number         0  frnd.o ABSOLUTE
    ../mathlib/fmax.c                        0x00000000   Number         0  fmaxf.o ABSOLUTE
    ../mathlib/fmax.c                        0x00000000   Number         0  fminf.o ABSOLUTE
    ../mathlib/round.c                       0x00000000   Number         0  roundf.o ABSOLUTE
    ..\APP\app_mecanum.c                     0x00000000   Number         0  app_mecanum.o ABSOLUTE
    ..\APP\app_motor.c                       0x00000000   Number         0  app_motor.o ABSOLUTE
    ..\APP\falsh_use.c                       0x00000000   Number         0  falsh_use.o ABSOLUTE
    ..\BSP\CCD\bsp_CCD.c                     0x00000000   Number         0  bsp_ccd.o ABSOLUTE
    ..\BSP\ELE_field\bsp_adc.c               0x00000000   Number         0  bsp_adc.o ABSOLUTE
    ..\BSP\IRAVOID\iravoid.c                 0x00000000   Number         0  iravoid.o ABSOLUTE
    ..\BSP\KEY\bsp_key.c                     0x00000000   Number         0  bsp_key.o ABSOLUTE
    ..\BSP\LCD\lcd.c                         0x00000000   Number         0  lcd.o ABSOLUTE
    ..\BSP\LCD\lcd_init.c                    0x00000000   Number         0  lcd_init.o ABSOLUTE
    ..\BSP\LINEWALKING\linewalking.c         0x00000000   Number         0  linewalking.o ABSOLUTE
    ..\BSP\OLED\oled.c                       0x00000000   Number         0  oled.o ABSOLUTE
    ..\BSP\PID\bsp_pid.c                     0x00000000   Number         0  bsp_pid.o ABSOLUTE
    ..\BSP\RGB\bsp_RGB.c                     0x00000000   Number         0  bsp_rgb.o ABSOLUTE
    ..\BSP\THREE_LINEWALKING\three_linewalking.c 0x00000000   Number         0  three_linewalking.o ABSOLUTE
    ..\BSP\TIMER\bsp_timer.c                 0x00000000   Number         0  bsp_timer.o ABSOLUTE
    ..\BSP\UART\bsp_usart.c                  0x00000000   Number         0  bsp_usart.o ABSOLUTE
    ..\BSP\bsp.c                             0x00000000   Number         0  bsp.o ABSOLUTE
    ..\BSP\delay.c                           0x00000000   Number         0  delay.o ABSOLUTE
    ..\BSP\icm20607\IOI2C.c                  0x00000000   Number         0  ioi2c.o ABSOLUTE
    ..\BSP\motor\bsp_encoder.c               0x00000000   Number         0  bsp_encoder.o ABSOLUTE
    ..\BSP\motor\bsp_motor.c                 0x00000000   Number         0  bsp_motor.o ABSOLUTE
    ..\BSP\w25q64\bsp_spi.c                  0x00000000   Number         0  bsp_spi.o ABSOLUTE
    ..\BSP\w25q64\bsp_w25q64.c               0x00000000   Number         0  bsp_w25q64.o ABSOLUTE
    ..\CMSIS\core_cm3.c                      0x00000000   Number         0  core_cm3.o ABSOLUTE
    ..\CMSIS\startup_stm32f10x_hd.s          0x00000000   Number         0  startup_stm32f10x_hd.o ABSOLUTE
    ..\CMSIS\system_stm32f10x.c              0x00000000   Number         0  system_stm32f10x.o ABSOLUTE
    ..\FWLib\src\misc.c                      0x00000000   Number         0  misc.o ABSOLUTE
    ..\FWLib\src\stm32f10x_adc.c             0x00000000   Number         0  stm32f10x_adc.o ABSOLUTE
    ..\FWLib\src\stm32f10x_bkp.c             0x00000000   Number         0  stm32f10x_bkp.o ABSOLUTE
    ..\FWLib\src\stm32f10x_can.c             0x00000000   Number         0  stm32f10x_can.o ABSOLUTE
    ..\FWLib\src\stm32f10x_cec.c             0x00000000   Number         0  stm32f10x_cec.o ABSOLUTE
    ..\FWLib\src\stm32f10x_crc.c             0x00000000   Number         0  stm32f10x_crc.o ABSOLUTE
    ..\FWLib\src\stm32f10x_dac.c             0x00000000   Number         0  stm32f10x_dac.o ABSOLUTE
    ..\FWLib\src\stm32f10x_dbgmcu.c          0x00000000   Number         0  stm32f10x_dbgmcu.o ABSOLUTE
    ..\FWLib\src\stm32f10x_dma.c             0x00000000   Number         0  stm32f10x_dma.o ABSOLUTE
    ..\FWLib\src\stm32f10x_exti.c            0x00000000   Number         0  stm32f10x_exti.o ABSOLUTE
    ..\FWLib\src\stm32f10x_flash.c           0x00000000   Number         0  stm32f10x_flash.o ABSOLUTE
    ..\FWLib\src\stm32f10x_fsmc.c            0x00000000   Number         0  stm32f10x_fsmc.o ABSOLUTE
    ..\FWLib\src\stm32f10x_gpio.c            0x00000000   Number         0  stm32f10x_gpio.o ABSOLUTE
    ..\FWLib\src\stm32f10x_i2c.c             0x00000000   Number         0  stm32f10x_i2c.o ABSOLUTE
    ..\FWLib\src\stm32f10x_iwdg.c            0x00000000   Number         0  stm32f10x_iwdg.o ABSOLUTE
    ..\FWLib\src\stm32f10x_pwr.c             0x00000000   Number         0  stm32f10x_pwr.o ABSOLUTE
    ..\FWLib\src\stm32f10x_rcc.c             0x00000000   Number         0  stm32f10x_rcc.o ABSOLUTE
    ..\FWLib\src\stm32f10x_rtc.c             0x00000000   Number         0  stm32f10x_rtc.o ABSOLUTE
    ..\FWLib\src\stm32f10x_sdio.c            0x00000000   Number         0  stm32f10x_sdio.o ABSOLUTE
    ..\FWLib\src\stm32f10x_spi.c             0x00000000   Number         0  stm32f10x_spi.o ABSOLUTE
    ..\FWLib\src\stm32f10x_tim.c             0x00000000   Number         0  stm32f10x_tim.o ABSOLUTE
    ..\FWLib\src\stm32f10x_usart.c           0x00000000   Number         0  stm32f10x_usart.o ABSOLUTE
    ..\FWLib\src\stm32f10x_wwdg.c            0x00000000   Number         0  stm32f10x_wwdg.o ABSOLUTE
    ..\\CMSIS\\core_cm3.c                    0x00000000   Number         0  core_cm3.o ABSOLUTE
    cdrcmple.s                               0x00000000   Number         0  cdrcmple.o ABSOLUTE
    cfcmple.s                                0x00000000   Number         0  cfcmple.o ABSOLUTE
    cfrcmple.s                               0x00000000   Number         0  cfrcmple.o ABSOLUTE
    dc.s                                     0x00000000   Number         0  dc.o ABSOLUTE
    handlers.s                               0x00000000   Number         0  handlers.o ABSOLUTE
    init.s                                   0x00000000   Number         0  init.o ABSOLUTE
    main.c                                   0x00000000   Number         0  main.o ABSOLUTE
    stm32f10x_it.c                           0x00000000   Number         0  stm32f10x_it.o ABSOLUTE
    RESET                                    0x08000000   Section      304  startup_stm32f10x_hd.o(RESET)
    .ARM.Collect$$$$00000000                 0x08000130   Section        0  entry.o(.ARM.Collect$$$$00000000)
    .ARM.Collect$$$$00000001                 0x08000130   Section        4  entry2.o(.ARM.Collect$$$$00000001)
    .ARM.Collect$$$$00000004                 0x08000134   Section        4  entry5.o(.ARM.Collect$$$$00000004)
    .ARM.Collect$$$$00000008                 0x08000138   Section        0  entry7b.o(.ARM.Collect$$$$00000008)
    .ARM.Collect$$$$0000000A                 0x08000138   Section        0  entry8b.o(.ARM.Collect$$$$0000000A)
    .ARM.Collect$$$$0000000B                 0x08000138   Section        8  entry9a.o(.ARM.Collect$$$$0000000B)
    .ARM.Collect$$$$0000000E                 0x08000140   Section        4  entry12b.o(.ARM.Collect$$$$0000000E)
    .ARM.Collect$$$$0000000F                 0x08000144   Section        0  entry10a.o(.ARM.Collect$$$$0000000F)
    .ARM.Collect$$$$00000011                 0x08000144   Section        0  entry11a.o(.ARM.Collect$$$$00000011)
    .ARM.Collect$$$$00002712                 0x08000144   Section        4  entry2.o(.ARM.Collect$$$$00002712)
    __lit__00000000                          0x08000144   Data           4  entry2.o(.ARM.Collect$$$$00002712)
    .text                                    0x08000148   Section       36  startup_stm32f10x_hd.o(.text)
    .text                                    0x0800016c   Section        0  memcpya.o(.text)
    .text                                    0x08000190   Section        0  fadd.o(.text)
    .text                                    0x08000240   Section        0  fmul.o(.text)
    .text                                    0x080002a4   Section        0  fflti.o(.text)
    .text                                    0x080002b6   Section        0  ffixi.o(.text)
    .text                                    0x080002e8   Section        0  iusefp.o(.text)
    .text                                    0x080002e8   Section        0  fepilogue.o(.text)
    .text                                    0x08000356   Section        0  frnd.o(.text)
    .text                                    0x08000392   Section        0  fcmp4.o(.text)
    .text                                    0x080003c8   Section       36  init.o(.text)
    .text                                    0x080003ec   Section        0  __dczerorl2.o(.text)
    i.Apply_State_Compensation               0x08000442   Section        0  app_motor.o(i.Apply_State_Compensation)
    i.BSP_init                               0x080004b4   Section        0  bsp.o(i.BSP_init)
    i.BusFault_Handler                       0x08000500   Section        0  stm32f10x_it.o(i.BusFault_Handler)
    i.Car_Control_Task                       0x08000504   Section        0  app_motor.o(i.Car_Control_Task)
    i.Check_Any_Motor_Reached_Target         0x0800076c   Section        0  app_motor.o(i.Check_Any_Motor_Reached_Target)
    i.DebugMon_Handler                       0x080007ac   Section        0  stm32f10x_it.o(i.DebugMon_Handler)
    i.EncoderToKeyValue                      0x080007ae   Section        0  bsp_key.o(i.EncoderToKeyValue)
    EncoderToKeyValue                        0x080007af   Thumb Code    28  bsp_key.o(i.EncoderToKeyValue)
    i.Encoder_Get_ALL                        0x080007cc   Section        0  bsp_encoder.o(i.Encoder_Get_ALL)
    i.Encoder_Init                           0x080007f8   Section        0  bsp_encoder.o(i.Encoder_Init)
    i.Encoder_Init_TIM2                      0x0800080c   Section        0  bsp_encoder.o(i.Encoder_Init_TIM2)
    Encoder_Init_TIM2                        0x0800080d   Thumb Code   210  bsp_encoder.o(i.Encoder_Init_TIM2)
    i.Encoder_Init_TIM3                      0x080008ec   Section        0  bsp_encoder.o(i.Encoder_Init_TIM3)
    Encoder_Init_TIM3                        0x080008ed   Thumb Code   186  bsp_encoder.o(i.Encoder_Init_TIM3)
    i.Encoder_Init_TIM4                      0x080009b0   Section        0  bsp_encoder.o(i.Encoder_Init_TIM4)
    Encoder_Init_TIM4                        0x080009b1   Thumb Code   186  bsp_encoder.o(i.Encoder_Init_TIM4)
    i.Encoder_Init_TIM5                      0x08000a74   Section        0  bsp_encoder.o(i.Encoder_Init_TIM5)
    Encoder_Init_TIM5                        0x08000a75   Thumb Code   186  bsp_encoder.o(i.Encoder_Init_TIM5)
    i.Encoder_Read_CNT                       0x08000b38   Section        0  bsp_encoder.o(i.Encoder_Read_CNT)
    Encoder_Read_CNT                         0x08000b39   Thumb Code   110  bsp_encoder.o(i.Encoder_Read_CNT)
    i.Encoder_Update_Count                   0x08000bb4   Section        0  bsp_encoder.o(i.Encoder_Update_Count)
    i.GPIO_Init                              0x08000c08   Section        0  stm32f10x_gpio.o(i.GPIO_Init)
    i.GPIO_PinRemapConfig                    0x08000d20   Section        0  stm32f10x_gpio.o(i.GPIO_PinRemapConfig)
    i.GPIO_ReadInputDataBit                  0x08000db0   Section        0  stm32f10x_gpio.o(i.GPIO_ReadInputDataBit)
    i.GPIO_ResetBits                         0x08000dc2   Section        0  stm32f10x_gpio.o(i.GPIO_ResetBits)
    i.GPIO_SetBits                           0x08000dc6   Section        0  stm32f10x_gpio.o(i.GPIO_SetBits)
    i.HardFault_Handler                      0x08000dca   Section        0  stm32f10x_it.o(i.HardFault_Handler)
    i.I2C_Start                              0x08000dd0   Section        0  oled.o(i.I2C_Start)
    i.I2C_Stop                               0x08000e0c   Section        0  oled.o(i.I2C_Stop)
    i.I2C_WaitAck                            0x08000e38   Section        0  oled.o(i.I2C_WaitAck)
    i.IIC_delay                              0x08000e6c   Section        0  oled.o(i.IIC_delay)
    i.Key1_is_Press                          0x08000e7c   Section        0  bsp_key.o(i.Key1_is_Press)
    i.Key2_is_Press                          0x08000e94   Section        0  bsp_key.o(i.Key2_is_Press)
    i.KeyManager_Update                      0x08000eac   Section        0  bsp_key.o(i.KeyManager_Update)
    i.Key_GPIO_Init                          0x08000f9c   Section        0  bsp_key.o(i.Key_GPIO_Init)
    i.MOTOR_GPIO_Init                        0x08000fc0   Section        0  bsp_motor.o(i.MOTOR_GPIO_Init)
    i.MemManage_Handler                      0x08001028   Section        0  stm32f10x_it.o(i.MemManage_Handler)
    i.Motion_Set_Pwm                         0x0800102c   Section        0  app_motor.o(i.Motion_Set_Pwm)
    i.Motor_Ignore_Dead_Zone                 0x0800108c   Section        0  bsp_motor.o(i.Motor_Ignore_Dead_Zone)
    Motor_Ignore_Dead_Zone                   0x0800108d   Thumb Code    30  bsp_motor.o(i.Motor_Ignore_Dead_Zone)
    i.Motor_PWM_Init                         0x080010ac   Section        0  bsp_motor.o(i.Motor_PWM_Init)
    i.Motor_Set_Pwm                          0x080011a8   Section        0  bsp_motor.o(i.Motor_Set_Pwm)
    i.Motor_Stop                             0x08001278   Section        0  bsp_motor.o(i.Motor_Stop)
    i.NMI_Handler                            0x0800133c   Section        0  stm32f10x_it.o(i.NMI_Handler)
    i.NVIC_Init                              0x08001340   Section        0  misc.o(i.NVIC_Init)
    i.NVIC_PriorityGroupConfig               0x080013b0   Section        0  misc.o(i.NVIC_PriorityGroupConfig)
    i.OLED_Clear                             0x080013c4   Section        0  oled.o(i.OLED_Clear)
    i.OLED_ColorTurn                         0x080013f4   Section        0  oled.o(i.OLED_ColorTurn)
    i.OLED_DisplayTurn                       0x08001410   Section        0  oled.o(i.OLED_DisplayTurn)
    i.OLED_DrawPoint                         0x0800143c   Section        0  oled.o(i.OLED_DrawPoint)
    i.OLED_Init                              0x080014b4   Section        0  oled.o(i.OLED_Init)
    i.OLED_Pow                               0x080015dc   Section        0  oled.o(i.OLED_Pow)
    i.OLED_Refresh                           0x080015f4   Section        0  oled.o(i.OLED_Refresh)
    i.OLED_ShowChar                          0x0800165c   Section        0  oled.o(i.OLED_ShowChar)
    i.OLED_ShowNum                           0x08001798   Section        0  oled.o(i.OLED_ShowNum)
    i.OLED_ShowSignedNum                     0x08001824   Section        0  oled.o(i.OLED_ShowSignedNum)
    i.OLED_ShowString                        0x08001914   Section        0  oled.o(i.OLED_ShowString)
    i.OLED_WR_Byte                           0x0800195e   Section        0  oled.o(i.OLED_WR_Byte)
    i.PID_Param_Init                         0x08001998   Section        0  bsp_pid.o(i.PID_Param_Init)
    i.PendSV_Handler                         0x08001a14   Section        0  stm32f10x_it.o(i.PendSV_Handler)
    i.RCC_APB1PeriphClockCmd                 0x08001a18   Section        0  stm32f10x_rcc.o(i.RCC_APB1PeriphClockCmd)
    i.RCC_APB1PeriphResetCmd                 0x08001a38   Section        0  stm32f10x_rcc.o(i.RCC_APB1PeriphResetCmd)
    i.RCC_APB2PeriphClockCmd                 0x08001a58   Section        0  stm32f10x_rcc.o(i.RCC_APB2PeriphClockCmd)
    i.RCC_APB2PeriphResetCmd                 0x08001a78   Section        0  stm32f10x_rcc.o(i.RCC_APB2PeriphResetCmd)
    i.SVC_Handler                            0x08001a98   Section        0  stm32f10x_it.o(i.SVC_Handler)
    i.Send_Byte                              0x08001a9c   Section        0  oled.o(i.Send_Byte)
    i.SetSysClock                            0x08001af0   Section        0  system_stm32f10x.o(i.SetSysClock)
    SetSysClock                              0x08001af1   Thumb Code     8  system_stm32f10x.o(i.SetSysClock)
    i.SetSysClockTo72                        0x08001af8   Section        0  system_stm32f10x.o(i.SetSysClockTo72)
    SetSysClockTo72                          0x08001af9   Thumb Code   214  system_stm32f10x.o(i.SetSysClockTo72)
    i.SysTick_CLKSourceConfig                0x08001bd8   Section        0  misc.o(i.SysTick_CLKSourceConfig)
    i.SysTick_Handler                        0x08001c00   Section        0  stm32f10x_it.o(i.SysTick_Handler)
    i.SystemInit                             0x08001c04   Section        0  system_stm32f10x.o(i.SystemInit)
    i.TI1_Config                             0x08001c64   Section        0  stm32f10x_tim.o(i.TI1_Config)
    TI1_Config                               0x08001c65   Thumb Code   108  stm32f10x_tim.o(i.TI1_Config)
    i.TI2_Config                             0x08001ce4   Section        0  stm32f10x_tim.o(i.TI2_Config)
    TI2_Config                               0x08001ce5   Thumb Code   130  stm32f10x_tim.o(i.TI2_Config)
    i.TI3_Config                             0x08001d7c   Section        0  stm32f10x_tim.o(i.TI3_Config)
    TI3_Config                               0x08001d7d   Thumb Code   122  stm32f10x_tim.o(i.TI3_Config)
    i.TI4_Config                             0x08001e0c   Section        0  stm32f10x_tim.o(i.TI4_Config)
    TI4_Config                               0x08001e0d   Thumb Code   130  stm32f10x_tim.o(i.TI4_Config)
    i.TIM6_IRQHandler                        0x08001ea4   Section        0  bsp_timer.o(i.TIM6_IRQHandler)
    i.TIM6_Init                              0x08001ecc   Section        0  bsp_timer.o(i.TIM6_Init)
    i.TIM7_IRQHandler                        0x08001f2c   Section        0  bsp_timer.o(i.TIM7_IRQHandler)
    i.TIM7_Init                              0x08001fd0   Section        0  bsp_timer.o(i.TIM7_Init)
    i.TIM_ClearFlag                          0x08002030   Section        0  stm32f10x_tim.o(i.TIM_ClearFlag)
    i.TIM_ClearITPendingBit                  0x08002036   Section        0  stm32f10x_tim.o(i.TIM_ClearITPendingBit)
    i.TIM_Cmd                                0x0800203c   Section        0  stm32f10x_tim.o(i.TIM_Cmd)
    i.TIM_CtrlPWMOutputs                     0x08002054   Section        0  stm32f10x_tim.o(i.TIM_CtrlPWMOutputs)
    i.TIM_DeInit                             0x08002074   Section        0  stm32f10x_tim.o(i.TIM_DeInit)
    i.TIM_EncoderInterfaceConfig             0x0800225c   Section        0  stm32f10x_tim.o(i.TIM_EncoderInterfaceConfig)
    i.TIM_GetITStatus                        0x0800229e   Section        0  stm32f10x_tim.o(i.TIM_GetITStatus)
    i.TIM_ICInit                             0x080022c0   Section        0  stm32f10x_tim.o(i.TIM_ICInit)
    i.TIM_ICStructInit                       0x0800236c   Section        0  stm32f10x_tim.o(i.TIM_ICStructInit)
    i.TIM_ITConfig                           0x0800237e   Section        0  stm32f10x_tim.o(i.TIM_ITConfig)
    i.TIM_OC1Init                            0x08002390   Section        0  stm32f10x_tim.o(i.TIM_OC1Init)
    i.TIM_OC2Init                            0x08002428   Section        0  stm32f10x_tim.o(i.TIM_OC2Init)
    i.TIM_OC3Init                            0x080024cc   Section        0  stm32f10x_tim.o(i.TIM_OC3Init)
    i.TIM_OC4Init                            0x0800256c   Section        0  stm32f10x_tim.o(i.TIM_OC4Init)
    i.TIM_OCStructInit                       0x080025e8   Section        0  stm32f10x_tim.o(i.TIM_OCStructInit)
    i.TIM_SetCompare1                        0x080025fc   Section        0  stm32f10x_tim.o(i.TIM_SetCompare1)
    i.TIM_SetCompare2                        0x08002600   Section        0  stm32f10x_tim.o(i.TIM_SetCompare2)
    i.TIM_SetCompare3                        0x08002604   Section        0  stm32f10x_tim.o(i.TIM_SetCompare3)
    i.TIM_SetCompare4                        0x08002608   Section        0  stm32f10x_tim.o(i.TIM_SetCompare4)
    i.TIM_SetCounter                         0x0800260e   Section        0  stm32f10x_tim.o(i.TIM_SetCounter)
    i.TIM_SetIC1Prescaler                    0x08002612   Section        0  stm32f10x_tim.o(i.TIM_SetIC1Prescaler)
    i.TIM_SetIC2Prescaler                    0x08002624   Section        0  stm32f10x_tim.o(i.TIM_SetIC2Prescaler)
    i.TIM_SetIC3Prescaler                    0x0800263e   Section        0  stm32f10x_tim.o(i.TIM_SetIC3Prescaler)
    i.TIM_SetIC4Prescaler                    0x08002650   Section        0  stm32f10x_tim.o(i.TIM_SetIC4Prescaler)
    i.TIM_TimeBaseInit                       0x0800266c   Section        0  stm32f10x_tim.o(i.TIM_TimeBaseInit)
    i.TIM_TimeBaseStructInit                 0x08002710   Section        0  stm32f10x_tim.o(i.TIM_TimeBaseStructInit)
    i.USART1_IRQHandler                      0x08002724   Section        0  bsp_usart.o(i.USART1_IRQHandler)
    i.USART1_Send_U8                         0x08002748   Section        0  bsp_usart.o(i.USART1_Send_U8)
    i.USART_GetFlagStatus                    0x08002768   Section        0  stm32f10x_usart.o(i.USART_GetFlagStatus)
    i.USART_GetITStatus                      0x08002782   Section        0  stm32f10x_usart.o(i.USART_GetITStatus)
    i.USART_ReceiveData                      0x080027d6   Section        0  stm32f10x_usart.o(i.USART_ReceiveData)
    i.USART_SendData                         0x080027e0   Section        0  stm32f10x_usart.o(i.USART_SendData)
    i.UsageFault_Handler                     0x080027e8   Section        0  stm32f10x_it.o(i.UsageFault_Handler)
    i.__scatterload_copy                     0x080027ec   Section       14  handlers.o(i.__scatterload_copy)
    i.__scatterload_null                     0x080027fa   Section        2  handlers.o(i.__scatterload_null)
    i.__scatterload_zeroinit                 0x080027fc   Section       14  handlers.o(i.__scatterload_zeroinit)
    i.delay_init                             0x0800280c   Section        0  delay.o(i.delay_init)
    i.delay_ms                               0x08002858   Section        0  delay.o(i.delay_ms)
    i.fmaxf                                  0x08002894   Section        0  fmaxf.o(i.fmaxf)
    i.fminf                                  0x080028bc   Section        0  fminf.o(i.fminf)
    i.init_LED_GPIO                          0x080028e4   Section        0  bsp_rgb.o(i.init_LED_GPIO)
    i.main                                   0x0800291c   Section        0  main.o(i.main)
    i.roundf                                 0x08002ba8   Section        0  roundf.o(i.roundf)
    .constdata                               0x08002c1c   Section       96  bsp_motor.o(.constdata)
    .constdata                               0x08002c7c   Section       24  bsp_key.o(.constdata)
    config_map                               0x08002c7c   Data          24  bsp_key.o(.constdata)
    .constdata                               0x08002c94   Section     7416  oled.o(.constdata)
    .constdata                               0x0800498c   Section       52  app_motor.o(.constdata)
    .data                                    0x20000000   Section       20  system_stm32f10x.o(.data)
    .data                                    0x20000014   Section        4  delay.o(.data)
    fac_us                                   0x20000014   Data           1  delay.o(.data)
    fac_ms                                   0x20000016   Data           2  delay.o(.data)
    .data                                    0x20000018   Section       16  bsp_encoder.o(.data)
    .data                                    0x20000028   Section        1  bsp_motor.o(.data)
    .data                                    0x2000002c   Section       12  bsp_key.o(.data)
    key1_state                               0x20000036   Data           2  bsp_key.o(.data)
    .data                                    0x20000038   Section       12  bsp_timer.o(.data)
    cnt_10ms                                 0x2000003e   Data           2  bsp_timer.o(.data)
    cnt_100ms                                0x20000040   Data           2  bsp_timer.o(.data)
    cnt_1s                                   0x20000042   Data           2  bsp_timer.o(.data)
    .data                                    0x20000044   Section      508  app_motor.o(.data)
    .bss                                     0x20000240   Section       40  bsp_key.o(.bss)
    .bss                                     0x20000268   Section      160  bsp_pid.o(.bss)
    .bss                                     0x20000308   Section     1152  oled.o(.bss)
    .bss                                     0x20000788   Section      152  app_motor.o(.bss)
    STACK                                    0x20000820   Section     1024  startup_stm32f10x_hd.o(STACK)

    Global Symbols

    Symbol Name                              Value     Ov Type        Size  Object(Section)

    BuildAttributes$$THM_ISAv4$P$D$K$B$S$PE$A:L22UL41UL21$X:L11$S22US41US21$IEEE1$IW$USESV6$~STKCKD$USESV7$~SHL$OTIME$ROPI$IEEEJ$EBA8$MICROLIB$REQ8$PRES8$EABIv2 0x00000000   Number         0  anon$$obj.o ABSOLUTE
    __ARM_use_no_argv                        0x00000000   Number         0  main.o ABSOLUTE
    _printf_a                                0x00000000   Number         0  stubs.o ABSOLUTE
    _printf_c                                0x00000000   Number         0  stubs.o ABSOLUTE
    _printf_charcount                        0x00000000   Number         0  stubs.o ABSOLUTE
    _printf_d                                0x00000000   Number         0  stubs.o ABSOLUTE
    _printf_e                                0x00000000   Number         0  stubs.o ABSOLUTE
    _printf_f                                0x00000000   Number         0  stubs.o ABSOLUTE
    _printf_flags                            0x00000000   Number         0  stubs.o ABSOLUTE
    _printf_fp_dec                           0x00000000   Number         0  stubs.o ABSOLUTE
    _printf_fp_hex                           0x00000000   Number         0  stubs.o ABSOLUTE
    _printf_g                                0x00000000   Number         0  stubs.o ABSOLUTE
    _printf_i                                0x00000000   Number         0  stubs.o ABSOLUTE
    _printf_int_dec                          0x00000000   Number         0  stubs.o ABSOLUTE
    _printf_l                                0x00000000   Number         0  stubs.o ABSOLUTE
    _printf_lc                               0x00000000   Number         0  stubs.o ABSOLUTE
    _printf_ll                               0x00000000   Number         0  stubs.o ABSOLUTE
    _printf_lld                              0x00000000   Number         0  stubs.o ABSOLUTE
    _printf_lli                              0x00000000   Number         0  stubs.o ABSOLUTE
    _printf_llo                              0x00000000   Number         0  stubs.o ABSOLUTE
    _printf_llu                              0x00000000   Number         0  stubs.o ABSOLUTE
    _printf_llx                              0x00000000   Number         0  stubs.o ABSOLUTE
    _printf_longlong_dec                     0x00000000   Number         0  stubs.o ABSOLUTE
    _printf_longlong_hex                     0x00000000   Number         0  stubs.o ABSOLUTE
    _printf_longlong_oct                     0x00000000   Number         0  stubs.o ABSOLUTE
    _printf_ls                               0x00000000   Number         0  stubs.o ABSOLUTE
    _printf_mbtowc                           0x00000000   Number         0  stubs.o ABSOLUTE
    _printf_n                                0x00000000   Number         0  stubs.o ABSOLUTE
    _printf_o                                0x00000000   Number         0  stubs.o ABSOLUTE
    _printf_p                                0x00000000   Number         0  stubs.o ABSOLUTE
    _printf_percent                          0x00000000   Number         0  stubs.o ABSOLUTE
    _printf_pre_padding                      0x00000000   Number         0  stubs.o ABSOLUTE
    _printf_return_value                     0x00000000   Number         0  stubs.o ABSOLUTE
    _printf_s                                0x00000000   Number         0  stubs.o ABSOLUTE
    _printf_sizespec                         0x00000000   Number         0  stubs.o ABSOLUTE
    _printf_str                              0x00000000   Number         0  stubs.o ABSOLUTE
    _printf_truncate_signed                  0x00000000   Number         0  stubs.o ABSOLUTE
    _printf_truncate_unsigned                0x00000000   Number         0  stubs.o ABSOLUTE
    _printf_u                                0x00000000   Number         0  stubs.o ABSOLUTE
    _printf_wc                               0x00000000   Number         0  stubs.o ABSOLUTE
    _printf_wctomb                           0x00000000   Number         0  stubs.o ABSOLUTE
    _printf_widthprec                        0x00000000   Number         0  stubs.o ABSOLUTE
    _printf_x                                0x00000000   Number         0  stubs.o ABSOLUTE
    __arm_fini_                               - Undefined Weak Reference
    __cpp_initialize__aeabi_                  - Undefined Weak Reference
    __cxa_finalize                            - Undefined Weak Reference
    _clock_init                               - Undefined Weak Reference
    _microlib_exit                            - Undefined Weak Reference
    __Vectors_Size                           0x00000130   Number         0  startup_stm32f10x_hd.o ABSOLUTE
    __Vectors                                0x08000000   Data           4  startup_stm32f10x_hd.o(RESET)
    __Vectors_End                            0x08000130   Data           0  startup_stm32f10x_hd.o(RESET)
    __main                                   0x08000131   Thumb Code     0  entry.o(.ARM.Collect$$$$00000000)
    _main_stk                                0x08000131   Thumb Code     0  entry2.o(.ARM.Collect$$$$00000001)
    _main_scatterload                        0x08000135   Thumb Code     0  entry5.o(.ARM.Collect$$$$00000004)
    __main_after_scatterload                 0x08000139   Thumb Code     0  entry5.o(.ARM.Collect$$$$00000004)
    _main_clock                              0x08000139   Thumb Code     0  entry7b.o(.ARM.Collect$$$$00000008)
    _main_cpp_init                           0x08000139   Thumb Code     0  entry8b.o(.ARM.Collect$$$$0000000A)
    _main_init                               0x08000139   Thumb Code     0  entry9a.o(.ARM.Collect$$$$0000000B)
    __rt_lib_shutdown_fini                   0x08000141   Thumb Code     0  entry12b.o(.ARM.Collect$$$$0000000E)
    __rt_final_cpp                           0x08000145   Thumb Code     0  entry10a.o(.ARM.Collect$$$$0000000F)
    __rt_final_exit                          0x08000145   Thumb Code     0  entry11a.o(.ARM.Collect$$$$00000011)
    Reset_Handler                            0x08000149   Thumb Code     8  startup_stm32f10x_hd.o(.text)
    ADC1_2_IRQHandler                        0x08000163   Thumb Code     0  startup_stm32f10x_hd.o(.text)
    ADC3_IRQHandler                          0x08000163   Thumb Code     0  startup_stm32f10x_hd.o(.text)
    CAN1_RX1_IRQHandler                      0x08000163   Thumb Code     0  startup_stm32f10x_hd.o(.text)
    CAN1_SCE_IRQHandler                      0x08000163   Thumb Code     0  startup_stm32f10x_hd.o(.text)
    DMA1_Channel1_IRQHandler                 0x08000163   Thumb Code     0  startup_stm32f10x_hd.o(.text)
    DMA1_Channel2_IRQHandler                 0x08000163   Thumb Code     0  startup_stm32f10x_hd.o(.text)
    DMA1_Channel3_IRQHandler                 0x08000163   Thumb Code     0  startup_stm32f10x_hd.o(.text)
    DMA1_Channel4_IRQHandler                 0x08000163   Thumb Code     0  startup_stm32f10x_hd.o(.text)
    DMA1_Channel5_IRQHandler                 0x08000163   Thumb Code     0  startup_stm32f10x_hd.o(.text)
    DMA1_Channel6_IRQHandler                 0x08000163   Thumb Code     0  startup_stm32f10x_hd.o(.text)
    DMA1_Channel7_IRQHandler                 0x08000163   Thumb Code     0  startup_stm32f10x_hd.o(.text)
    DMA2_Channel1_IRQHandler                 0x08000163   Thumb Code     0  startup_stm32f10x_hd.o(.text)
    DMA2_Channel2_IRQHandler                 0x08000163   Thumb Code     0  startup_stm32f10x_hd.o(.text)
    DMA2_Channel3_IRQHandler                 0x08000163   Thumb Code     0  startup_stm32f10x_hd.o(.text)
    DMA2_Channel4_5_IRQHandler               0x08000163   Thumb Code     0  startup_stm32f10x_hd.o(.text)
    EXTI0_IRQHandler                         0x08000163   Thumb Code     0  startup_stm32f10x_hd.o(.text)
    EXTI15_10_IRQHandler                     0x08000163   Thumb Code     0  startup_stm32f10x_hd.o(.text)
    EXTI1_IRQHandler                         0x08000163   Thumb Code     0  startup_stm32f10x_hd.o(.text)
    EXTI2_IRQHandler                         0x08000163   Thumb Code     0  startup_stm32f10x_hd.o(.text)
    EXTI3_IRQHandler                         0x08000163   Thumb Code     0  startup_stm32f10x_hd.o(.text)
    EXTI4_IRQHandler                         0x08000163   Thumb Code     0  startup_stm32f10x_hd.o(.text)
    EXTI9_5_IRQHandler                       0x08000163   Thumb Code     0  startup_stm32f10x_hd.o(.text)
    FLASH_IRQHandler                         0x08000163   Thumb Code     0  startup_stm32f10x_hd.o(.text)
    FSMC_IRQHandler                          0x08000163   Thumb Code     0  startup_stm32f10x_hd.o(.text)
    I2C1_ER_IRQHandler                       0x08000163   Thumb Code     0  startup_stm32f10x_hd.o(.text)
    I2C1_EV_IRQHandler                       0x08000163   Thumb Code     0  startup_stm32f10x_hd.o(.text)
    I2C2_ER_IRQHandler                       0x08000163   Thumb Code     0  startup_stm32f10x_hd.o(.text)
    I2C2_EV_IRQHandler                       0x08000163   Thumb Code     0  startup_stm32f10x_hd.o(.text)
    PVD_IRQHandler                           0x08000163   Thumb Code     0  startup_stm32f10x_hd.o(.text)
    RCC_IRQHandler                           0x08000163   Thumb Code     0  startup_stm32f10x_hd.o(.text)
    RTCAlarm_IRQHandler                      0x08000163   Thumb Code     0  startup_stm32f10x_hd.o(.text)
    RTC_IRQHandler                           0x08000163   Thumb Code     0  startup_stm32f10x_hd.o(.text)
    SDIO_IRQHandler                          0x08000163   Thumb Code     0  startup_stm32f10x_hd.o(.text)
    SPI1_IRQHandler                          0x08000163   Thumb Code     0  startup_stm32f10x_hd.o(.text)
    SPI2_IRQHandler                          0x08000163   Thumb Code     0  startup_stm32f10x_hd.o(.text)
    SPI3_IRQHandler                          0x08000163   Thumb Code     0  startup_stm32f10x_hd.o(.text)
    TAMPER_IRQHandler                        0x08000163   Thumb Code     0  startup_stm32f10x_hd.o(.text)
    TIM1_BRK_IRQHandler                      0x08000163   Thumb Code     0  startup_stm32f10x_hd.o(.text)
    TIM1_CC_IRQHandler                       0x08000163   Thumb Code     0  startup_stm32f10x_hd.o(.text)
    TIM1_TRG_COM_IRQHandler                  0x08000163   Thumb Code     0  startup_stm32f10x_hd.o(.text)
    TIM1_UP_IRQHandler                       0x08000163   Thumb Code     0  startup_stm32f10x_hd.o(.text)
    TIM2_IRQHandler                          0x08000163   Thumb Code     0  startup_stm32f10x_hd.o(.text)
    TIM3_IRQHandler                          0x08000163   Thumb Code     0  startup_stm32f10x_hd.o(.text)
    TIM4_IRQHandler                          0x08000163   Thumb Code     0  startup_stm32f10x_hd.o(.text)
    TIM5_IRQHandler                          0x08000163   Thumb Code     0  startup_stm32f10x_hd.o(.text)
    TIM8_BRK_IRQHandler                      0x08000163   Thumb Code     0  startup_stm32f10x_hd.o(.text)
    TIM8_CC_IRQHandler                       0x08000163   Thumb Code     0  startup_stm32f10x_hd.o(.text)
    TIM8_TRG_COM_IRQHandler                  0x08000163   Thumb Code     0  startup_stm32f10x_hd.o(.text)
    TIM8_UP_IRQHandler                       0x08000163   Thumb Code     0  startup_stm32f10x_hd.o(.text)
    UART4_IRQHandler                         0x08000163   Thumb Code     0  startup_stm32f10x_hd.o(.text)
    UART5_IRQHandler                         0x08000163   Thumb Code     0  startup_stm32f10x_hd.o(.text)
    USART2_IRQHandler                        0x08000163   Thumb Code     0  startup_stm32f10x_hd.o(.text)
    USART3_IRQHandler                        0x08000163   Thumb Code     0  startup_stm32f10x_hd.o(.text)
    USBWakeUp_IRQHandler                     0x08000163   Thumb Code     0  startup_stm32f10x_hd.o(.text)
    USB_HP_CAN1_TX_IRQHandler                0x08000163   Thumb Code     0  startup_stm32f10x_hd.o(.text)
    USB_LP_CAN1_RX0_IRQHandler               0x08000163   Thumb Code     0  startup_stm32f10x_hd.o(.text)
    WWDG_IRQHandler                          0x08000163   Thumb Code     0  startup_stm32f10x_hd.o(.text)
    __aeabi_memcpy                           0x0800016d   Thumb Code    36  memcpya.o(.text)
    __aeabi_memcpy4                          0x0800016d   Thumb Code     0  memcpya.o(.text)
    __aeabi_memcpy8                          0x0800016d   Thumb Code     0  memcpya.o(.text)
    __aeabi_fadd                             0x08000191   Thumb Code   164  fadd.o(.text)
    __aeabi_fsub                             0x08000235   Thumb Code     6  fadd.o(.text)
    __aeabi_frsub                            0x0800023b   Thumb Code     6  fadd.o(.text)
    __aeabi_fmul                             0x08000241   Thumb Code   100  fmul.o(.text)
    __aeabi_i2f                              0x080002a5   Thumb Code    18  fflti.o(.text)
    __aeabi_f2iz                             0x080002b7   Thumb Code    50  ffixi.o(.text)
    __I$use$fp                               0x080002e9   Thumb Code     0  iusefp.o(.text)
    _float_round                             0x080002e9   Thumb Code    18  fepilogue.o(.text)
    _float_epilogue                          0x080002fb   Thumb Code    92  fepilogue.o(.text)
    _frnd                                    0x08000357   Thumb Code    60  frnd.o(.text)
    __ARM_fcmp4                              0x08000393   Thumb Code    54  fcmp4.o(.text)
    _fcmp4                                   0x08000393   Thumb Code     0  fcmp4.o(.text)
    __scatterload                            0x080003c9   Thumb Code    28  init.o(.text)
    __scatterload_rt2                        0x080003c9   Thumb Code     0  init.o(.text)
    __decompress                             0x080003ed   Thumb Code     0  __dczerorl2.o(.text)
    __decompress1                            0x080003ed   Thumb Code    86  __dczerorl2.o(.text)
    Apply_State_Compensation                 0x08000443   Thumb Code   114  app_motor.o(i.Apply_State_Compensation)
    BSP_init                                 0x080004b5   Thumb Code    70  bsp.o(i.BSP_init)
    BusFault_Handler                         0x08000501   Thumb Code     4  stm32f10x_it.o(i.BusFault_Handler)
    Car_Control_Task                         0x08000505   Thumb Code   560  app_motor.o(i.Car_Control_Task)
    Check_Any_Motor_Reached_Target           0x0800076d   Thumb Code    54  app_motor.o(i.Check_Any_Motor_Reached_Target)
    DebugMon_Handler                         0x080007ad   Thumb Code     2  stm32f10x_it.o(i.DebugMon_Handler)
    Encoder_Get_ALL                          0x080007cd   Thumb Code    26  bsp_encoder.o(i.Encoder_Get_ALL)
    Encoder_Init                             0x080007f9   Thumb Code    20  bsp_encoder.o(i.Encoder_Init)
    Encoder_Update_Count                     0x08000bb5   Thumb Code    68  bsp_encoder.o(i.Encoder_Update_Count)
    GPIO_Init                                0x08000c09   Thumb Code   278  stm32f10x_gpio.o(i.GPIO_Init)
    GPIO_PinRemapConfig                      0x08000d21   Thumb Code   138  stm32f10x_gpio.o(i.GPIO_PinRemapConfig)
    GPIO_ReadInputDataBit                    0x08000db1   Thumb Code    18  stm32f10x_gpio.o(i.GPIO_ReadInputDataBit)
    GPIO_ResetBits                           0x08000dc3   Thumb Code     4  stm32f10x_gpio.o(i.GPIO_ResetBits)
    GPIO_SetBits                             0x08000dc7   Thumb Code     4  stm32f10x_gpio.o(i.GPIO_SetBits)
    HardFault_Handler                        0x08000dcb   Thumb Code     4  stm32f10x_it.o(i.HardFault_Handler)
    I2C_Start                                0x08000dd1   Thumb Code    56  oled.o(i.I2C_Start)
    I2C_Stop                                 0x08000e0d   Thumb Code    38  oled.o(i.I2C_Stop)
    I2C_WaitAck                              0x08000e39   Thumb Code    46  oled.o(i.I2C_WaitAck)
    IIC_delay                                0x08000e6d   Thumb Code    16  oled.o(i.IIC_delay)
    Key1_is_Press                            0x08000e7d   Thumb Code    20  bsp_key.o(i.Key1_is_Press)
    Key2_is_Press                            0x08000e95   Thumb Code    20  bsp_key.o(i.Key2_is_Press)
    KeyManager_Update                        0x08000ead   Thumb Code   196  bsp_key.o(i.KeyManager_Update)
    Key_GPIO_Init                            0x08000f9d   Thumb Code    32  bsp_key.o(i.Key_GPIO_Init)
    MOTOR_GPIO_Init                          0x08000fc1   Thumb Code    96  bsp_motor.o(i.MOTOR_GPIO_Init)
    MemManage_Handler                        0x08001029   Thumb Code     4  stm32f10x_it.o(i.MemManage_Handler)
    Motion_Set_Pwm                           0x0800102d   Thumb Code    96  app_motor.o(i.Motion_Set_Pwm)
    Motor_PWM_Init                           0x080010ad   Thumb Code   240  bsp_motor.o(i.Motor_PWM_Init)
    Motor_Set_Pwm                            0x080011a9   Thumb Code   194  bsp_motor.o(i.Motor_Set_Pwm)
    Motor_Stop                               0x08001279   Thumb Code   186  bsp_motor.o(i.Motor_Stop)
    NMI_Handler                              0x0800133d   Thumb Code     2  stm32f10x_it.o(i.NMI_Handler)
    NVIC_Init                                0x08001341   Thumb Code   100  misc.o(i.NVIC_Init)
    NVIC_PriorityGroupConfig                 0x080013b1   Thumb Code    10  misc.o(i.NVIC_PriorityGroupConfig)
    OLED_Clear                               0x080013c5   Thumb Code    42  oled.o(i.OLED_Clear)
    OLED_ColorTurn                           0x080013f5   Thumb Code    28  oled.o(i.OLED_ColorTurn)
    OLED_DisplayTurn                         0x08001411   Thumb Code    44  oled.o(i.OLED_DisplayTurn)
    OLED_DrawPoint                           0x0800143d   Thumb Code   114  oled.o(i.OLED_DrawPoint)
    OLED_Init                                0x080014b5   Thumb Code   290  oled.o(i.OLED_Init)
    OLED_Pow                                 0x080015dd   Thumb Code    22  oled.o(i.OLED_Pow)
    OLED_Refresh                             0x080015f5   Thumb Code   100  oled.o(i.OLED_Refresh)
    OLED_ShowChar                            0x0800165d   Thumb Code   300  oled.o(i.OLED_ShowChar)
    OLED_ShowNum                             0x08001799   Thumb Code   140  oled.o(i.OLED_ShowNum)
    OLED_ShowSignedNum                       0x08001825   Thumb Code   240  oled.o(i.OLED_ShowSignedNum)
    OLED_ShowString                          0x08001915   Thumb Code    74  oled.o(i.OLED_ShowString)
    OLED_WR_Byte                             0x0800195f   Thumb Code    56  oled.o(i.OLED_WR_Byte)
    PID_Param_Init                           0x08001999   Thumb Code   112  bsp_pid.o(i.PID_Param_Init)
    PendSV_Handler                           0x08001a15   Thumb Code     2  stm32f10x_it.o(i.PendSV_Handler)
    RCC_APB1PeriphClockCmd                   0x08001a19   Thumb Code    26  stm32f10x_rcc.o(i.RCC_APB1PeriphClockCmd)
    RCC_APB1PeriphResetCmd                   0x08001a39   Thumb Code    26  stm32f10x_rcc.o(i.RCC_APB1PeriphResetCmd)
    RCC_APB2PeriphClockCmd                   0x08001a59   Thumb Code    26  stm32f10x_rcc.o(i.RCC_APB2PeriphClockCmd)
    RCC_APB2PeriphResetCmd                   0x08001a79   Thumb Code    26  stm32f10x_rcc.o(i.RCC_APB2PeriphResetCmd)
    SVC_Handler                              0x08001a99   Thumb Code     2  stm32f10x_it.o(i.SVC_Handler)
    Send_Byte                                0x08001a9d   Thumb Code    78  oled.o(i.Send_Byte)
    SysTick_CLKSourceConfig                  0x08001bd9   Thumb Code    40  misc.o(i.SysTick_CLKSourceConfig)
    SysTick_Handler                          0x08001c01   Thumb Code     2  stm32f10x_it.o(i.SysTick_Handler)
    SystemInit                               0x08001c05   Thumb Code    78  system_stm32f10x.o(i.SystemInit)
    TIM6_IRQHandler                          0x08001ea5   Thumb Code    32  bsp_timer.o(i.TIM6_IRQHandler)
    TIM6_Init                                0x08001ecd   Thumb Code    90  bsp_timer.o(i.TIM6_Init)
    TIM7_IRQHandler                          0x08001f2d   Thumb Code   132  bsp_timer.o(i.TIM7_IRQHandler)
    TIM7_Init                                0x08001fd1   Thumb Code    90  bsp_timer.o(i.TIM7_Init)
    TIM_ClearFlag                            0x08002031   Thumb Code     6  stm32f10x_tim.o(i.TIM_ClearFlag)
    TIM_ClearITPendingBit                    0x08002037   Thumb Code     6  stm32f10x_tim.o(i.TIM_ClearITPendingBit)
    TIM_Cmd                                  0x0800203d   Thumb Code    24  stm32f10x_tim.o(i.TIM_Cmd)
    TIM_CtrlPWMOutputs                       0x08002055   Thumb Code    30  stm32f10x_tim.o(i.TIM_CtrlPWMOutputs)
    TIM_DeInit                               0x08002075   Thumb Code   424  stm32f10x_tim.o(i.TIM_DeInit)
    TIM_EncoderInterfaceConfig               0x0800225d   Thumb Code    66  stm32f10x_tim.o(i.TIM_EncoderInterfaceConfig)
    TIM_GetITStatus                          0x0800229f   Thumb Code    34  stm32f10x_tim.o(i.TIM_GetITStatus)
    TIM_ICInit                               0x080022c1   Thumb Code   150  stm32f10x_tim.o(i.TIM_ICInit)
    TIM_ICStructInit                         0x0800236d   Thumb Code    18  stm32f10x_tim.o(i.TIM_ICStructInit)
    TIM_ITConfig                             0x0800237f   Thumb Code    18  stm32f10x_tim.o(i.TIM_ITConfig)
    TIM_OC1Init                              0x08002391   Thumb Code   132  stm32f10x_tim.o(i.TIM_OC1Init)
    TIM_OC2Init                              0x08002429   Thumb Code   154  stm32f10x_tim.o(i.TIM_OC2Init)
    TIM_OC3Init                              0x080024cd   Thumb Code   150  stm32f10x_tim.o(i.TIM_OC3Init)
    TIM_OC4Init                              0x0800256d   Thumb Code   114  stm32f10x_tim.o(i.TIM_OC4Init)
    TIM_OCStructInit                         0x080025e9   Thumb Code    20  stm32f10x_tim.o(i.TIM_OCStructInit)
    TIM_SetCompare1                          0x080025fd   Thumb Code     4  stm32f10x_tim.o(i.TIM_SetCompare1)
    TIM_SetCompare2                          0x08002601   Thumb Code     4  stm32f10x_tim.o(i.TIM_SetCompare2)
    TIM_SetCompare3                          0x08002605   Thumb Code     4  stm32f10x_tim.o(i.TIM_SetCompare3)
    TIM_SetCompare4                          0x08002609   Thumb Code     6  stm32f10x_tim.o(i.TIM_SetCompare4)
    TIM_SetCounter                           0x0800260f   Thumb Code     4  stm32f10x_tim.o(i.TIM_SetCounter)
    TIM_SetIC1Prescaler                      0x08002613   Thumb Code    18  stm32f10x_tim.o(i.TIM_SetIC1Prescaler)
    TIM_SetIC2Prescaler                      0x08002625   Thumb Code    26  stm32f10x_tim.o(i.TIM_SetIC2Prescaler)
    TIM_SetIC3Prescaler                      0x0800263f   Thumb Code    18  stm32f10x_tim.o(i.TIM_SetIC3Prescaler)
    TIM_SetIC4Prescaler                      0x08002651   Thumb Code    26  stm32f10x_tim.o(i.TIM_SetIC4Prescaler)
    TIM_TimeBaseInit                         0x0800266d   Thumb Code   122  stm32f10x_tim.o(i.TIM_TimeBaseInit)
    TIM_TimeBaseStructInit                   0x08002711   Thumb Code    18  stm32f10x_tim.o(i.TIM_TimeBaseStructInit)
    USART1_IRQHandler                        0x08002725   Thumb Code    32  bsp_usart.o(i.USART1_IRQHandler)
    USART1_Send_U8                           0x08002749   Thumb Code    28  bsp_usart.o(i.USART1_Send_U8)
    USART_GetFlagStatus                      0x08002769   Thumb Code    26  stm32f10x_usart.o(i.USART_GetFlagStatus)
    USART_GetITStatus                        0x08002783   Thumb Code    84  stm32f10x_usart.o(i.USART_GetITStatus)
    USART_ReceiveData                        0x080027d7   Thumb Code    10  stm32f10x_usart.o(i.USART_ReceiveData)
    USART_SendData                           0x080027e1   Thumb Code     8  stm32f10x_usart.o(i.USART_SendData)
    UsageFault_Handler                       0x080027e9   Thumb Code     4  stm32f10x_it.o(i.UsageFault_Handler)
    __scatterload_copy                       0x080027ed   Thumb Code    14  handlers.o(i.__scatterload_copy)
    __scatterload_null                       0x080027fb   Thumb Code     2  handlers.o(i.__scatterload_null)
    __scatterload_zeroinit                   0x080027fd   Thumb Code    14  handlers.o(i.__scatterload_zeroinit)
    delay_init                               0x0800280d   Thumb Code    60  delay.o(i.delay_init)
    delay_ms                                 0x08002859   Thumb Code    56  delay.o(i.delay_ms)
    fmaxf                                    0x08002895   Thumb Code    40  fmaxf.o(i.fmaxf)
    fminf                                    0x080028bd   Thumb Code    40  fminf.o(i.fminf)
    init_LED_GPIO                            0x080028e5   Thumb Code    50  bsp_rgb.o(i.init_LED_GPIO)
    main                                     0x0800291d   Thumb Code   544  main.o(i.main)
    roundf                                   0x08002ba9   Thumb Code   114  roundf.o(i.roundf)
    asc2_0806                                0x08002c94   Data         552  oled.o(.constdata)
    asc2_1206                                0x08002ebc   Data        1140  oled.o(.constdata)
    asc2_1608                                0x08003330   Data        1520  oled.o(.constdata)
    asc2_2412                                0x08003920   Data        3420  oled.o(.constdata)
    Hzk1                                     0x0800467c   Data          72  oled.o(.constdata)
    Hzk2                                     0x080046c4   Data          72  oled.o(.constdata)
    Hzk3                                     0x0800470c   Data         128  oled.o(.constdata)
    Hzk4                                     0x0800478c   Data         512  oled.o(.constdata)
    taskSequenceCount                        0x0800498c   Data           1  app_motor.o(.constdata)
    forward_comp                             0x08004990   Data          16  app_motor.o(.constdata)
    turn_left_comp                           0x080049a0   Data          16  app_motor.o(.constdata)
    turn_right_comp                          0x080049b0   Data          16  app_motor.o(.constdata)
    Region$$Table$$Base                      0x080049c0   Number         0  anon$$obj.o(Region$$Table)
    Region$$Table$$Limit                     0x080049e0   Number         0  anon$$obj.o(Region$$Table)
    SystemCoreClock                          0x20000000   Data           4  system_stm32f10x.o(.data)
    AHBPrescTable                            0x20000004   Data          16  system_stm32f10x.o(.data)
    g_Encoder_M1_Now                         0x20000018   Data           4  bsp_encoder.o(.data)
    g_Encoder_M2_Now                         0x2000001c   Data           4  bsp_encoder.o(.data)
    g_Encoder_M3_Now                         0x20000020   Data           4  bsp_encoder.o(.data)
    g_Encoder_M4_Now                         0x20000024   Data           4  bsp_encoder.o(.data)
    motor_enable                             0x20000028   Data           1  bsp_motor.o(.data)
    g_key1_long_press                        0x2000002c   Data           2  bsp_key.o(.data)
    current_key                              0x2000002e   Data           1  bsp_key.o(.data)
    last_store_time                          0x20000030   Data           4  bsp_key.o(.data)
    key_store_count                          0x20000034   Data           1  bsp_key.o(.data)
    flag_1ms                                 0x20000038   Data           1  bsp_timer.o(.data)
    flag_10ms                                0x20000039   Data           1  bsp_timer.o(.data)
    flag_100ms                               0x2000003a   Data           1  bsp_timer.o(.data)
    flag_1s                                  0x2000003c   Data           2  bsp_timer.o(.data)
    currentTaskSequence                      0x20000044   Data           1  app_motor.o(.data)
    currentStepIndex                         0x20000045   Data           1  app_motor.o(.data)
    taskRunning                              0x20000046   Data           1  app_motor.o(.data)
    tasks1                                   0x20000048   Data          32  app_motor.o(.data)
    tasks2                                   0x20000068   Data          96  app_motor.o(.data)
    tasks3                                   0x200000c8   Data         176  app_motor.o(.data)
    tasks4                                   0x20000178   Data          80  app_motor.o(.data)
    tasks5                                   0x200001c8   Data          80  app_motor.o(.data)
    allTaskSequences                         0x20000218   Data          20  app_motor.o(.data)
    g_start_ctrl                             0x2000022c   Data           1  app_motor.o(.data)
    car_data                                 0x2000022e   Data           6  app_motor.o(.data)
    g_yaw_adjust                             0x20000234   Data           1  app_motor.o(.data)
    g_car_type                               0x20000235   Data           1  app_motor.o(.data)
    compensationApplied                      0x20000236   Data           1  app_motor.o(.data)
    pwm_m1                                   0x20000238   Data           2  app_motor.o(.data)
    pwm_m2                                   0x2000023a   Data           2  app_motor.o(.data)
    pwm_m3                                   0x2000023c   Data           2  app_motor.o(.data)
    pwm_m4                                   0x2000023e   Data           2  app_motor.o(.data)
    key_counts                               0x20000240   Data          40  bsp_key.o(.bss)
    pid_motor                                0x20000268   Data         160  bsp_pid.o(.bss)
    OLED_GRAM                                0x20000308   Data        1152  oled.o(.bss)
    current_encoder_values                   0x20000788   Data          16  app_motor.o(.bss)
    encoder_targets                          0x20000798   Data          16  app_motor.o(.bss)
    g_Encoder_All_Now                        0x200007a8   Data          16  app_motor.o(.bss)
    g_Encoder_All_Last                       0x200007b8   Data          16  app_motor.o(.bss)
    g_Encoder_All_Offset                     0x200007c8   Data          16  app_motor.o(.bss)
    motor_data                               0x200007d8   Data          40  app_motor.o(.bss)
    real_circle                              0x20000800   Data          16  app_motor.o(.bss)
    real_circle_speed                        0x20000810   Data          16  app_motor.o(.bss)
    __initial_sp                             0x20000c20   Data           0  startup_stm32f10x_hd.o(STACK)



==============================================================================

Memory Map of the image

  Image Entry point : 0x08000131

  Load Region LR_IROM1 (Base: 0x08000000, Size: 0x00004c20, Max: 0x00080000, ABSOLUTE, COMPRESSED[0x00004a70])

    Execution Region ER_IROM1 (Exec base: 0x08000000, Load base: 0x08000000, Size: 0x000049e0, Max: 0x00080000, ABSOLUTE)

    Exec Addr    Load Addr    Size         Type   Attr      Idx    E Section Name        Object

    0x08000000   0x08000000   0x00000130   Data   RO          315    RESET               startup_stm32f10x_hd.o
    0x08000130   0x08000130   0x00000000   Code   RO         4610  * .ARM.Collect$$$$00000000  mc_w.l(entry.o)
    0x08000130   0x08000130   0x00000004   Code   RO         4906    .ARM.Collect$$$$00000001  mc_w.l(entry2.o)
    0x08000134   0x08000134   0x00000004   Code   RO         4909    .ARM.Collect$$$$00000004  mc_w.l(entry5.o)
    0x08000138   0x08000138   0x00000000   Code   RO         4911    .ARM.Collect$$$$00000008  mc_w.l(entry7b.o)
    0x08000138   0x08000138   0x00000000   Code   RO         4913    .ARM.Collect$$$$0000000A  mc_w.l(entry8b.o)
    0x08000138   0x08000138   0x00000008   Code   RO         4914    .ARM.Collect$$$$0000000B  mc_w.l(entry9a.o)
    0x08000140   0x08000140   0x00000004   Code   RO         4921    .ARM.Collect$$$$0000000E  mc_w.l(entry12b.o)
    0x08000144   0x08000144   0x00000000   Code   RO         4916    .ARM.Collect$$$$0000000F  mc_w.l(entry10a.o)
    0x08000144   0x08000144   0x00000000   Code   RO         4918    .ARM.Collect$$$$00000011  mc_w.l(entry11a.o)
    0x08000144   0x08000144   0x00000004   Code   RO         4907    .ARM.Collect$$$$00002712  mc_w.l(entry2.o)
    0x08000148   0x08000148   0x00000024   Code   RO          316    .text               startup_stm32f10x_hd.o
    0x0800016c   0x0800016c   0x00000024   Code   RO         4613    .text               mc_w.l(memcpya.o)
    0x08000190   0x08000190   0x000000b0   Code   RO         4880    .text               mf_w.l(fadd.o)
    0x08000240   0x08000240   0x00000064   Code   RO         4882    .text               mf_w.l(fmul.o)
    0x080002a4   0x080002a4   0x00000012   Code   RO         4890    .text               mf_w.l(fflti.o)
    0x080002b6   0x080002b6   0x00000032   Code   RO         4894    .text               mf_w.l(ffixi.o)
    0x080002e8   0x080002e8   0x00000000   Code   RO         4927    .text               mc_w.l(iusefp.o)
    0x080002e8   0x080002e8   0x0000006e   Code   RO         4928    .text               mf_w.l(fepilogue.o)
    0x08000356   0x08000356   0x0000003c   Code   RO         4930    .text               mf_w.l(frnd.o)
    0x08000392   0x08000392   0x00000036   Code   RO         4940    .text               mf_w.l(fcmp4.o)
    0x080003c8   0x080003c8   0x00000024   Code   RO         4942    .text               mc_w.l(init.o)
    0x080003ec   0x080003ec   0x00000056   Code   RO         4958    .text               mc_w.l(__dczerorl2.o)
    0x08000442   0x08000442   0x00000072   Code   RO         4470    i.Apply_State_Compensation  app_motor.o
    0x080004b4   0x080004b4   0x0000004c   Code   RO         3563    i.BSP_init          bsp.o
    0x08000500   0x08000500   0x00000004   Code   RO          205    i.BusFault_Handler  stm32f10x_it.o
    0x08000504   0x08000504   0x00000268   Code   RO         4471    i.Car_Control_Task  app_motor.o
    0x0800076c   0x0800076c   0x00000040   Code   RO         4472    i.Check_Any_Motor_Reached_Target  app_motor.o
    0x080007ac   0x080007ac   0x00000002   Code   RO          206    i.DebugMon_Handler  stm32f10x_it.o
    0x080007ae   0x080007ae   0x0000001c   Code   RO         4008    i.EncoderToKeyValue  bsp_key.o
    0x080007ca   0x080007ca   0x00000002   PAD
    0x080007cc   0x080007cc   0x0000002c   Code   RO         3892    i.Encoder_Get_ALL   bsp_encoder.o
    0x080007f8   0x080007f8   0x00000014   Code   RO         3894    i.Encoder_Init      bsp_encoder.o
    0x0800080c   0x0800080c   0x000000e0   Code   RO         3895    i.Encoder_Init_TIM2  bsp_encoder.o
    0x080008ec   0x080008ec   0x000000c4   Code   RO         3896    i.Encoder_Init_TIM3  bsp_encoder.o
    0x080009b0   0x080009b0   0x000000c4   Code   RO         3897    i.Encoder_Init_TIM4  bsp_encoder.o
    0x08000a74   0x08000a74   0x000000c4   Code   RO         3898    i.Encoder_Init_TIM5  bsp_encoder.o
    0x08000b38   0x08000b38   0x0000007c   Code   RO         3899    i.Encoder_Read_CNT  bsp_encoder.o
    0x08000bb4   0x08000bb4   0x00000054   Code   RO         3900    i.Encoder_Update_Count  bsp_encoder.o
    0x08000c08   0x08000c08   0x00000116   Code   RO         1471    i.GPIO_Init         stm32f10x_gpio.o
    0x08000d1e   0x08000d1e   0x00000002   PAD
    0x08000d20   0x08000d20   0x00000090   Code   RO         1473    i.GPIO_PinRemapConfig  stm32f10x_gpio.o
    0x08000db0   0x08000db0   0x00000012   Code   RO         1475    i.GPIO_ReadInputDataBit  stm32f10x_gpio.o
    0x08000dc2   0x08000dc2   0x00000004   Code   RO         1478    i.GPIO_ResetBits    stm32f10x_gpio.o
    0x08000dc6   0x08000dc6   0x00000004   Code   RO         1479    i.GPIO_SetBits      stm32f10x_gpio.o
    0x08000dca   0x08000dca   0x00000004   Code   RO          207    i.HardFault_Handler  stm32f10x_it.o
    0x08000dce   0x08000dce   0x00000002   PAD
    0x08000dd0   0x08000dd0   0x0000003c   Code   RO         4280    i.I2C_Start         oled.o
    0x08000e0c   0x08000e0c   0x0000002c   Code   RO         4281    i.I2C_Stop          oled.o
    0x08000e38   0x08000e38   0x00000034   Code   RO         4282    i.I2C_WaitAck       oled.o
    0x08000e6c   0x08000e6c   0x00000010   Code   RO         4283    i.IIC_delay         oled.o
    0x08000e7c   0x08000e7c   0x00000018   Code   RO         4011    i.Key1_is_Press     bsp_key.o
    0x08000e94   0x08000e94   0x00000018   Code   RO         4012    i.Key2_is_Press     bsp_key.o
    0x08000eac   0x08000eac   0x000000f0   Code   RO         4014    i.KeyManager_Update  bsp_key.o
    0x08000f9c   0x08000f9c   0x00000024   Code   RO         4015    i.Key_GPIO_Init     bsp_key.o
    0x08000fc0   0x08000fc0   0x00000068   Code   RO         3956    i.MOTOR_GPIO_Init   bsp_motor.o
    0x08001028   0x08001028   0x00000004   Code   RO          208    i.MemManage_Handler  stm32f10x_it.o
    0x0800102c   0x0800102c   0x00000060   Code   RO         4484    i.Motion_Set_Pwm    app_motor.o
    0x0800108c   0x0800108c   0x0000001e   Code   RO         3958    i.Motor_Ignore_Dead_Zone  bsp_motor.o
    0x080010aa   0x080010aa   0x00000002   PAD
    0x080010ac   0x080010ac   0x000000fc   Code   RO         3959    i.Motor_PWM_Init    bsp_motor.o
    0x080011a8   0x080011a8   0x000000d0   Code   RO         3960    i.Motor_Set_Pwm     bsp_motor.o
    0x08001278   0x08001278   0x000000c4   Code   RO         3961    i.Motor_Stop        bsp_motor.o
    0x0800133c   0x0800133c   0x00000002   Code   RO          209    i.NMI_Handler       stm32f10x_it.o
    0x0800133e   0x0800133e   0x00000002   PAD
    0x08001340   0x08001340   0x00000070   Code   RO          320    i.NVIC_Init         misc.o
    0x080013b0   0x080013b0   0x00000014   Code   RO          321    i.NVIC_PriorityGroupConfig  misc.o
    0x080013c4   0x080013c4   0x00000030   Code   RO         4284    i.OLED_Clear        oled.o
    0x080013f4   0x080013f4   0x0000001c   Code   RO         4285    i.OLED_ColorTurn    oled.o
    0x08001410   0x08001410   0x0000002c   Code   RO         4288    i.OLED_DisplayTurn  oled.o
    0x0800143c   0x0800143c   0x00000078   Code   RO         4291    i.OLED_DrawPoint    oled.o
    0x080014b4   0x080014b4   0x00000128   Code   RO         4292    i.OLED_Init         oled.o
    0x080015dc   0x080015dc   0x00000016   Code   RO         4293    i.OLED_Pow          oled.o
    0x080015f2   0x080015f2   0x00000002   PAD
    0x080015f4   0x080015f4   0x00000068   Code   RO         4294    i.OLED_Refresh      oled.o
    0x0800165c   0x0800165c   0x0000013c   Code   RO         4296    i.OLED_ShowChar     oled.o
    0x08001798   0x08001798   0x0000008c   Code   RO         4299    i.OLED_ShowNum      oled.o
    0x08001824   0x08001824   0x000000f0   Code   RO         4301    i.OLED_ShowSignedNum  oled.o
    0x08001914   0x08001914   0x0000004a   Code   RO         4302    i.OLED_ShowString   oled.o
    0x0800195e   0x0800195e   0x00000038   Code   RO         4303    i.OLED_WR_Byte      oled.o
    0x08001996   0x08001996   0x00000002   PAD
    0x08001998   0x08001998   0x0000007c   Code   RO         4087    i.PID_Param_Init    bsp_pid.o
    0x08001a14   0x08001a14   0x00000002   Code   RO          210    i.PendSV_Handler    stm32f10x_it.o
    0x08001a16   0x08001a16   0x00000002   PAD
    0x08001a18   0x08001a18   0x00000020   Code   RO         1887    i.RCC_APB1PeriphClockCmd  stm32f10x_rcc.o
    0x08001a38   0x08001a38   0x00000020   Code   RO         1888    i.RCC_APB1PeriphResetCmd  stm32f10x_rcc.o
    0x08001a58   0x08001a58   0x00000020   Code   RO         1889    i.RCC_APB2PeriphClockCmd  stm32f10x_rcc.o
    0x08001a78   0x08001a78   0x00000020   Code   RO         1890    i.RCC_APB2PeriphResetCmd  stm32f10x_rcc.o
    0x08001a98   0x08001a98   0x00000002   Code   RO          211    i.SVC_Handler       stm32f10x_it.o
    0x08001a9a   0x08001a9a   0x00000002   PAD
    0x08001a9c   0x08001a9c   0x00000054   Code   RO         4304    i.Send_Byte         oled.o
    0x08001af0   0x08001af0   0x00000008   Code   RO          268    i.SetSysClock       system_stm32f10x.o
    0x08001af8   0x08001af8   0x000000e0   Code   RO          269    i.SetSysClockTo72   system_stm32f10x.o
    0x08001bd8   0x08001bd8   0x00000028   Code   RO          324    i.SysTick_CLKSourceConfig  misc.o
    0x08001c00   0x08001c00   0x00000002   Code   RO          212    i.SysTick_Handler   stm32f10x_it.o
    0x08001c02   0x08001c02   0x00000002   PAD
    0x08001c04   0x08001c04   0x00000060   Code   RO          271    i.SystemInit        system_stm32f10x.o
    0x08001c64   0x08001c64   0x00000080   Code   RO         2505    i.TI1_Config        stm32f10x_tim.o
    0x08001ce4   0x08001ce4   0x00000098   Code   RO         2506    i.TI2_Config        stm32f10x_tim.o
    0x08001d7c   0x08001d7c   0x00000090   Code   RO         2507    i.TI3_Config        stm32f10x_tim.o
    0x08001e0c   0x08001e0c   0x00000098   Code   RO         2508    i.TI4_Config        stm32f10x_tim.o
    0x08001ea4   0x08001ea4   0x00000028   Code   RO         4244    i.TIM6_IRQHandler   bsp_timer.o
    0x08001ecc   0x08001ecc   0x00000060   Code   RO         4245    i.TIM6_Init         bsp_timer.o
    0x08001f2c   0x08001f2c   0x000000a4   Code   RO         4246    i.TIM7_IRQHandler   bsp_timer.o
    0x08001fd0   0x08001fd0   0x00000060   Code   RO         4247    i.TIM7_Init         bsp_timer.o
    0x08002030   0x08002030   0x00000006   Code   RO         2515    i.TIM_ClearFlag     stm32f10x_tim.o
    0x08002036   0x08002036   0x00000006   Code   RO         2516    i.TIM_ClearITPendingBit  stm32f10x_tim.o
    0x0800203c   0x0800203c   0x00000018   Code   RO         2521    i.TIM_Cmd           stm32f10x_tim.o
    0x08002054   0x08002054   0x0000001e   Code   RO         2523    i.TIM_CtrlPWMOutputs  stm32f10x_tim.o
    0x08002072   0x08002072   0x00000002   PAD
    0x08002074   0x08002074   0x000001e8   Code   RO         2526    i.TIM_DeInit        stm32f10x_tim.o
    0x0800225c   0x0800225c   0x00000042   Code   RO         2530    i.TIM_EncoderInterfaceConfig  stm32f10x_tim.o
    0x0800229e   0x0800229e   0x00000022   Code   RO         2542    i.TIM_GetITStatus   stm32f10x_tim.o
    0x080022c0   0x080022c0   0x000000ac   Code   RO         2544    i.TIM_ICInit        stm32f10x_tim.o
    0x0800236c   0x0800236c   0x00000012   Code   RO         2545    i.TIM_ICStructInit  stm32f10x_tim.o
    0x0800237e   0x0800237e   0x00000012   Code   RO         2546    i.TIM_ITConfig      stm32f10x_tim.o
    0x08002390   0x08002390   0x00000098   Code   RO         2550    i.TIM_OC1Init       stm32f10x_tim.o
    0x08002428   0x08002428   0x000000a4   Code   RO         2555    i.TIM_OC2Init       stm32f10x_tim.o
    0x080024cc   0x080024cc   0x000000a0   Code   RO         2560    i.TIM_OC3Init       stm32f10x_tim.o
    0x0800256c   0x0800256c   0x0000007c   Code   RO         2565    i.TIM_OC4Init       stm32f10x_tim.o
    0x080025e8   0x080025e8   0x00000014   Code   RO         2568    i.TIM_OCStructInit  stm32f10x_tim.o
    0x080025fc   0x080025fc   0x00000004   Code   RO         2582    i.TIM_SetCompare1   stm32f10x_tim.o
    0x08002600   0x08002600   0x00000004   Code   RO         2583    i.TIM_SetCompare2   stm32f10x_tim.o
    0x08002604   0x08002604   0x00000004   Code   RO         2584    i.TIM_SetCompare3   stm32f10x_tim.o
    0x08002608   0x08002608   0x00000006   Code   RO         2585    i.TIM_SetCompare4   stm32f10x_tim.o
    0x0800260e   0x0800260e   0x00000004   Code   RO         2586    i.TIM_SetCounter    stm32f10x_tim.o
    0x08002612   0x08002612   0x00000012   Code   RO         2587    i.TIM_SetIC1Prescaler  stm32f10x_tim.o
    0x08002624   0x08002624   0x0000001a   Code   RO         2588    i.TIM_SetIC2Prescaler  stm32f10x_tim.o
    0x0800263e   0x0800263e   0x00000012   Code   RO         2589    i.TIM_SetIC3Prescaler  stm32f10x_tim.o
    0x08002650   0x08002650   0x0000001a   Code   RO         2590    i.TIM_SetIC4Prescaler  stm32f10x_tim.o
    0x0800266a   0x0800266a   0x00000002   PAD
    0x0800266c   0x0800266c   0x000000a4   Code   RO         2592    i.TIM_TimeBaseInit  stm32f10x_tim.o
    0x08002710   0x08002710   0x00000012   Code   RO         2593    i.TIM_TimeBaseStructInit  stm32f10x_tim.o
    0x08002722   0x08002722   0x00000002   PAD
    0x08002724   0x08002724   0x00000024   Code   RO         3759    i.USART1_IRQHandler  bsp_usart.o
    0x08002748   0x08002748   0x00000020   Code   RO         3761    i.USART1_Send_U8    bsp_usart.o
    0x08002768   0x08002768   0x0000001a   Code   RO         3060    i.USART_GetFlagStatus  stm32f10x_usart.o
    0x08002782   0x08002782   0x00000054   Code   RO         3061    i.USART_GetITStatus  stm32f10x_usart.o
    0x080027d6   0x080027d6   0x0000000a   Code   RO         3071    i.USART_ReceiveData  stm32f10x_usart.o
    0x080027e0   0x080027e0   0x00000008   Code   RO         3074    i.USART_SendData    stm32f10x_usart.o
    0x080027e8   0x080027e8   0x00000004   Code   RO          213    i.UsageFault_Handler  stm32f10x_it.o
    0x080027ec   0x080027ec   0x0000000e   Code   RO         4952    i.__scatterload_copy  mc_w.l(handlers.o)
    0x080027fa   0x080027fa   0x00000002   Code   RO         4953    i.__scatterload_null  mc_w.l(handlers.o)
    0x080027fc   0x080027fc   0x0000000e   Code   RO         4954    i.__scatterload_zeroinit  mc_w.l(handlers.o)
    0x0800280a   0x0800280a   0x00000002   PAD
    0x0800280c   0x0800280c   0x0000004c   Code   RO         3575    i.delay_init        delay.o
    0x08002858   0x08002858   0x0000003c   Code   RO         3576    i.delay_ms          delay.o
    0x08002894   0x08002894   0x00000028   Code   RO         4604    i.fmaxf             m_ws.l(fmaxf.o)
    0x080028bc   0x080028bc   0x00000028   Code   RO         4606    i.fminf             m_ws.l(fminf.o)
    0x080028e4   0x080028e4   0x00000038   Code   RO         3736    i.init_LED_GPIO     bsp_rgb.o
    0x0800291c   0x0800291c   0x0000028c   Code   RO            1    i.main              main.o
    0x08002ba8   0x08002ba8   0x00000072   Code   RO         4608    i.roundf            m_ws.l(roundf.o)
    0x08002c1a   0x08002c1a   0x00000002   PAD
    0x08002c1c   0x08002c1c   0x00000060   Data   RO         3962    .constdata          bsp_motor.o
    0x08002c7c   0x08002c7c   0x00000018   Data   RO         4019    .constdata          bsp_key.o
    0x08002c94   0x08002c94   0x00001cf8   Data   RO         4306    .constdata          oled.o
    0x0800498c   0x0800498c   0x00000034   Data   RO         4489    .constdata          app_motor.o
    0x080049c0   0x080049c0   0x00000020   Data   RO         4950    Region$$Table       anon$$obj.o


    Execution Region RW_IRAM1 (Exec base: 0x20000000, Load base: 0x080049e0, Size: 0x00000c20, Max: 0x00020000, ABSOLUTE, COMPRESSED[0x00000090])

    Exec Addr    Load Addr    Size         Type   Attr      Idx    E Section Name        Object

    0x20000000   COMPRESSED   0x00000014   Data   RW          272    .data               system_stm32f10x.o
    0x20000014   COMPRESSED   0x00000004   Data   RW         3578    .data               delay.o
    0x20000018   COMPRESSED   0x00000010   Data   RW         3901    .data               bsp_encoder.o
    0x20000028   COMPRESSED   0x00000001   Data   RW         3963    .data               bsp_motor.o
    0x20000029   COMPRESSED   0x00000003   PAD
    0x2000002c   COMPRESSED   0x0000000c   Data   RW         4020    .data               bsp_key.o
    0x20000038   COMPRESSED   0x0000000c   Data   RW         4248    .data               bsp_timer.o
    0x20000044   COMPRESSED   0x000001fc   Data   RW         4490    .data               app_motor.o
    0x20000240        -       0x00000028   Zero   RW         4018    .bss                bsp_key.o
    0x20000268        -       0x000000a0   Zero   RW         4093    .bss                bsp_pid.o
    0x20000308        -       0x00000480   Zero   RW         4305    .bss                oled.o
    0x20000788        -       0x00000098   Zero   RW         4488    .bss                app_motor.o
    0x20000820        -       0x00000400   Zero   RW          313    STACK               startup_stm32f10x_hd.o


==============================================================================

Image component sizes


      Code (inc. data)   RO Data    RW Data    ZI Data      Debug   Object Name

       890         66         52        508        152       6077   app_motor.o
        76          6          0          0          0        435   bsp.o
      1084         92          0         16          0       4922   bsp_encoder.o
       352         56         24         12         40       3876   bsp_key.o
       790         44         96          1          0       3195   bsp_motor.o
       124         12          0          0        160       1857   bsp_pid.o
        56          6          0          0          0        468   bsp_rgb.o
       396         52          0         12          0       2580   bsp_timer.o
        68          8          0          0          0        949   bsp_usart.o
         0          0          0          0          0         32   core_cm3.o
       136         20          0          4          0       1052   delay.o
       652        108          0          0          0     248044   main.o
       172         22          0          0          0       1809   misc.o
      1744         60       7416          0       1152      11110   oled.o
        36          8        304          0       1024        756   startup_stm32f10x_hd.o
       448          6          0          0          0       4130   stm32f10x_gpio.o
        26          0          0          0          0       3354   stm32f10x_it.o
       128         24          0          0          0       2052   stm32f10x_rcc.o
      2350        264          0          0          0      17490   stm32f10x_tim.o
       128          0          0          0          0       3603   stm32f10x_usart.o
       328         28          0         20          0       1981   system_stm32f10x.o

    ----------------------------------------------------------------------
     10010        882       7924        576       2528     319772   Object Totals
         0          0         32          0          0          0   (incl. Generated)
        26          0          0          3          0          0   (incl. Padding)

    ----------------------------------------------------------------------

      Code (inc. data)   RO Data    RW Data    ZI Data      Debug   Library Member Name

        40          0          0          0          0         80   fmaxf.o
        40          0          0          0          0         80   fminf.o
       114          0          0          0          0         80   roundf.o
        86          0          0          0          0          0   __dczerorl2.o
         0          0          0          0          0          0   entry.o
         0          0          0          0          0          0   entry10a.o
         0          0          0          0          0          0   entry11a.o
         4          0          0          0          0          0   entry12b.o
         8          4          0          0          0          0   entry2.o
         4          0          0          0          0          0   entry5.o
         0          0          0          0          0          0   entry7b.o
         0          0          0          0          0          0   entry8b.o
         8          4          0          0          0          0   entry9a.o
        30          0          0          0          0          0   handlers.o
        36          8          0          0          0         68   init.o
         0          0          0          0          0          0   iusefp.o
        36          0          0          0          0         68   memcpya.o
       176          0          0          0          0        140   fadd.o
        54          0          0          0          0         68   fcmp4.o
       110          0          0          0          0        168   fepilogue.o
        50          0          0          0          0         68   ffixi.o
        18          0          0          0          0         68   fflti.o
       100          0          0          0          0         76   fmul.o
        60          0          0          0          0         76   frnd.o

    ----------------------------------------------------------------------
       978         16          0          0          0       1040   Library Totals
         4          0          0          0          0          0   (incl. Padding)

    ----------------------------------------------------------------------

      Code (inc. data)   RO Data    RW Data    ZI Data      Debug   Library Name

       194          0          0          0          0        240   m_ws.l
       212         16          0          0          0        136   mc_w.l
       568          0          0          0          0        664   mf_w.l

    ----------------------------------------------------------------------
       978         16          0          0          0       1040   Library Totals

    ----------------------------------------------------------------------

==============================================================================


      Code (inc. data)   RO Data    RW Data    ZI Data      Debug   

     10988        898       7924        576       2528     315116   Grand Totals
     10988        898       7924        144       2528     315116   ELF Image Totals (compressed)
     10988        898       7924        144          0          0   ROM Totals

==============================================================================

    Total RO  Size (Code + RO Data)                18912 (  18.47kB)
    Total RW  Size (RW Data + ZI Data)              3104 (   3.03kB)
    Total ROM Size (Code + RO Data + RW Data)      19056 (  18.61kB)

==============================================================================

