<html>
<body>
<pre>
<h1>礦ision Build Log</h1>
<h2>Tool Versions:</h2>
IDE-Version: μVision V5.42.0.0
Copyright (C) 2025 ARM Ltd and ARM Germany GmbH. All rights reserved.
License Information: ZZ 2321499546@qq.com, ZZZ, LIC=9N0AE-5IVG0-IN4A7-EC0QG-QS643-SRYMV
 
Tool Versions:
Toolchain:       MDK-ARM Professional  Version: 5.42.0.0
Toolchain Path:  C:\Users\23214\AppData\Local\Keil_v5\ARM\ARMCC\Bin
C Compiler:      Armcc.exe V5.06 update 7 (build 960)
Assembler:       Armasm.exe V5.06 update 7 (build 960)
Linker/Locator:  ArmLink.exe V5.06 update 7 (build 960)
Library Manager: ArmAr.exe V5.06 update 7 (build 960)
Hex Converter:   FromElf.exe V5.06 update 7 (build 960)
CPU DLL:         SARMCM3.DLL V5.42.0.0
Dialog DLL:      DCM.DLL V1.17.5.0
Target DLL:      Segger\JL2CM3.dll V2.99.45.0
Dialog DLL:      TCM.DLL V1.56.6.0
 
<h2>Project:</h2>
E:\TI\四路巡线117\USER\stm32rct6.uvprojx
Project File Date:  08/02/2025

<h2>Output:</h2>
*** Using Compiler 'V5.06 update 7 (build 960)', folder: 'C:\Users\23214\AppData\Local\Keil_v5\ARM\ARMCC\Bin'
Rebuild target 'stm32RCT6'
assembling startup_stm32f10x_hd.s...
compiling core_cm3.c...
compiling main.c...
compiling stm32f10x_cec.c...
compiling stm32f10x_crc.c...
compiling stm32f10x_bkp.c...
compiling stm32f10x_dbgmcu.c...
compiling stm32f10x_it.c...
compiling misc.c...
compiling stm32f10x_dma.c...
compiling stm32f10x_exti.c...
compiling system_stm32f10x.c...
compiling stm32f10x_dac.c...
compiling stm32f10x_adc.c...
compiling stm32f10x_can.c...
compiling stm32f10x_flash.c...
compiling stm32f10x_fsmc.c...
compiling stm32f10x_gpio.c...
compiling stm32f10x_iwdg.c...
compiling stm32f10x_i2c.c...
compiling stm32f10x_pwr.c...
compiling stm32f10x_spi.c...
compiling stm32f10x_rtc.c...
compiling stm32f10x_rcc.c...
compiling stm32f10x_usart.c...
compiling stm32f10x_wwdg.c...
compiling stm32f10x_sdio.c...
compiling stm32f10x_tim.c...
compiling delay.c...
compiling bsp.c...
compiling bsp_spi.c...
compiling lcd_init.c...
compiling bsp_w25q64.c...
compiling IOI2C.c...
compiling lcd.c...
compiling bsp_RGB.c...
compiling bsp_adc.c...
compiling bsp_usart.c...
compiling bsp_CCD.c...
compiling bsp_pid.c...
compiling bsp_key.c...
compiling bsp_encoder.c...
compiling bsp_motor.c...
compiling linewalking.c...
compiling iravoid.c...
compiling three_linewalking.c...
compiling bsp_timer.c...
compiling falsh_use.c...
compiling app_mecanum.c...
compiling app_motor.c...
compiling oled.c...
..\BSP\OLED\oled.c(399): warning:  #167-D: argument of type "uint8_t *" is incompatible with parameter of type "char *restrict"
    sprintf(Data,"%.3f",Fnum);                       //保留小数点后3位小数，打印到Data数组中
..\BSP\OLED\oled.c: 1 warning, 0 errors
linking...
Program Size: Code=10988 RO-data=7924 RW-data=576 ZI-data=2528  
FromELF: creating hex file...
"..\OBJ\stm32RCt6.axf" - 0 Error(s), 1 Warning(s).

<h2>Software Packages used:</h2>

Package Vendor: Keil
                http://www.keil.com/pack/Keil.STM32F1xx_DFP.2.4.0.pack
                Keil::STM32F1xx_DFP@2.4.0
                STMicroelectronics STM32F1 Series Device Support, Drivers and Examples

<h2>Collection of Component include folders:</h2>
  C:/Users/23214/AppData/Local/Arm/Packs/Keil/STM32F1xx_DFP/Device/Include

<h2>Collection of Component Files used:</h2>
Build Time Elapsed:  00:00:03
</pre>
</body>
</html>
